******************************************************************************
                  TI ARM Linker PC v15.12.3                    
******************************************************************************
>> Linked Thu Oct 14 19:52:03 2021

OUTPUT FILE NAME:   <Robot_Master.out>
ENTRY POINT SYMBOL: "_c_int00"  address: 00003e19


MEMORY CONFIGURATION

         name            origin    length      used     unused   attr    fill
----------------------  --------  ---------  --------  --------  ----  --------
  FLASH                 00000000   00040000  00007bec  00038414  R  X
  SRAM                  20000000   00008000  0000179c  00006864  RW X


SEGMENT ALLOCATION MAP

run origin  load origin   length   init length attrs members
----------  ----------- ---------- ----------- ----- -------
00000000    00000000    00007bf4   00007bf4    r-x
  00000000    00000000    0000003c   0000003c    r-- .resetVecs
  00000040    00000040    000059da   000059da    r-x .text
  00005a1c    00005a1c    00001e9a   00001e9a    r-- .const
  000078b8    000078b8    0000033c   0000033c    r-- .cinit
20000000    20000000    0000179c   00000000    rw-
  20000000    20000000    00000360   00000000    rw- .vecs
  20000360    20000360    00000d0c   00000000    rw- .bss
  2000106c    2000106c    00000430   00000000    rw- .data
  2000149c    2000149c    00000300   00000000    rw- .stack


SECTION ALLOCATION MAP

 output                                  attributes/
section   page    origin      length       input sections
--------  ----  ----------  ----------   ----------------
.text      0    00000040    000059da     
                  00000040    00000430     sysbios.aem4f : BIOS.obj (.text:ti_sysbios_family_arm_m3_Hwi_excDumpRegs__I)
                  00000470    0000034c     ti.targets.arm.rtsarm.aem4f : System.oem4f (.text:xdc_runtime_System_doPrint__I)
                  000007bc    00000324     rtsv7M4_T_le_v4SPD16_eabi.lib : trgdrv.obj (.text)
                  00000ae0    000002c0     sysbios.aem4f : BIOS.obj (.text:ti_sysbios_knl_Semaphore_pend__E)
                  00000da0    00000254                   : BIOS.obj (.text:ti_sysbios_heaps_HeapMem_free__E)
                  00000ff4    00000004     driverlib.lib : uart.obj (.text:UARTIntClear)
                  00000ff8    00000248     sysbios.aem4f : BIOS.obj (.text:ti_sysbios_heaps_HeapMem_alloc__E)
                  00001240    0000021c     empty_pem4f.oem4f (.text:xdc_runtime_System_printfExtend__I)
                  0000145c    00000004     sysbios.aem4f : BIOS.obj (.text:ti_sysbios_family_arm_lm4_Timer_masterEnable__I)
                  00001460    000001fc                   : BIOS.obj (.text:ti_sysbios_family_arm_m3_Hwi_excHandlerMax__I)
                  0000165c    00000004     empty_pem4f.oem4f (.text:ti_sysbios_family_arm_m3_TaskSupport_Module__startupDone__S)
                  00001660    00000174     sysbios.aem4f : BIOS.obj (.text:ti_sysbios_family_arm_m3_Hwi_excBusFault__I)
                  000017d4    00000004     ti.targets.arm.rtsarm.aem4f : Error.oem4f (.text:xdc_runtime_Error_getSite__E)
                  000017d8    00000164     sysbios.aem4f : BIOS.obj (.text:ti_sysbios_family_arm_m3_Hwi_excUsageFault__I)
                  0000193c    00000004     ti.targets.arm.rtsarm.aem4f : System.oem4f (.text:xdc_runtime_System_aprintf_va__F)
                  00001940    00000148     sysbios.aem4f : BIOS.obj (.text:ti_sysbios_family_arm_m3_Hwi_excMemFault__I)
                  00001a88    0000013c                   : BIOS.obj (.text:ti_sysbios_heaps_HeapMem_Instance_init__E)
                  00001bc4    00000138     main.obj (.text:cmd_lookup)
                  00001cfc    00000130     driverlib.lib : gpio.obj (.text:GPIOPadConfigSet)
                  00001e2c    00000004     ti.targets.arm.rtsarm.aem4f : System.oem4f (.text:xdc_runtime_System_printf_va__F)
                  00001e30    00000120     sysbios.aem4f : BIOS.obj (.text:ti_sysbios_family_arm_lm4_Timer_start__E)
                  00001f50    00000118     ti.targets.arm.rtsarm.aem4f : Error.oem4f (.text:xdc_runtime_Error_policyDefault__E)
                  00002068    0000010c     driverlib.lib : sysctl.obj (.text:SysCtlClockGet)
                  00002174    00000100     Boot.aem4f : Boot_sysctl.oem4f (.text:ti_catalog_arm_cortexm4_tiva_ce_Boot_sysCtlClockSetI__I)
                  00002274    00000100     ti.targets.arm.rtsarm.aem4f : Core-mem.oem4f (.text:xdc_runtime_Core_createObject__I)
                  00002374    000000f8                                 : Startup.oem4f (.text:xdc_runtime_Startup_startMods__I)
                  0000246c    000000f4     sysbios.aem4f : m3_Hwi_asm.obj (.text:ti_sysbios_family_arm_m3_Hwi_dispatch__I)
                  00002560    000000f0     driverlib.lib : sysctl.obj (.text:SysCtlClockSet)
                  00002650    000000ec     sysbios.aem4f : BIOS.obj (.text:ti_sysbios_knl_Semaphore_post__E)
                  0000273c    000000cc     ti.targets.arm.rtsarm.aem4f : Core-smem.oem4f (.text:xdc_runtime_Core_constructObject__I)
                  00002808    000000bc     sysbios.aem4f : BIOS.obj (.text:ti_sysbios_family_arm_m3_Hwi_excDebugMon__I)
                  000028c4    00000002     rtsv7M4_T_le_v4SPD16_eabi.lib : i_div0.obj (.text)
                  000028c6    00000002     empty_pem4f.oem4f (.text:ti_sysbios_BIOS_nullFunc__I)
                  000028c8    000000bc     sysbios.aem4f : BIOS.obj (.text:ti_sysbios_family_arm_m3_Hwi_excHardFault__I)
                  00002984    000000b8     main.obj (.text:pwm_init)
                  00002a3c    00000002     empty_pem4f.oem4f (.text:xdc_runtime_Startup_reset__I)
                  00002a3e    00000002     --HOLE-- [fill = 0]
                  00002a40    000000b4     sysbios.aem4f : BIOS.obj (.text:ti_sysbios_gates_GateMutex_enter__E)
                  00002af4    00000004     --HOLE-- [fill = 0]
                  00002af8    000000b4                   : BIOS.obj (.text:ti_sysbios_knl_Task_checkStacks__E)
                  00002bac    00000004     --HOLE-- [fill = 0]
                  00002bb0    000000ac                   : BIOS.obj (.text:ti_sysbios_family_arm_lm4_Timer_enableTiva__I)
                  00002c5c    00000004     --HOLE-- [fill = 0]
                  00002c60    000000a8                   : BIOS.obj (.text:ti_sysbios_family_arm_lm4_Timer_enableTimers__I)
                  00002d08    000000a0     main.obj (.text:adc_init)
                  00002da8    000000a0     auto_init.aem4f : auto_init.oem4f (.text)
                  00002e48    000000a0     empty_pem4f.oem4f (.text:ti_sysbios_BIOS_rtsUnlock__I)
                  00002ee8    000000a0     ti.targets.arm.rtsarm.aem4f : Text.oem4f (.text:xdc_runtime_Text_putMod__E)
                  00002f88    0000009c     rtsv7M4_T_le_v4SPD16_eabi.lib : memcpy_t2.obj (.text)
                  00003024    00000004     --HOLE-- [fill = 0]
                  00003028    0000009c     sysbios.aem4f : BIOS.obj (.text:ti_sysbios_knl_Semaphore_Instance_init__E)
                  000030c4    00000004     --HOLE-- [fill = 0]
                  000030c8    0000009c                   : BIOS.obj (.text:ti_sysbios_knl_Task_postInit__I)
                  00003164    0000009a     ti.targets.arm.rtsarm.aem4f : Text.oem4f (.text:xdc_runtime_Text_putSite__E)
                  000031fe    00000002     --HOLE-- [fill = 0]
                  00003200    00000098     Boot.aem4f : Boot.oem4f (.text:ti_catalog_arm_cortexm4_tiva_ce_Boot_sysCtlClockSet__E)
                  00003298    00000094     sysbios.aem4f : BIOS.obj (.text:ti_sysbios_family_arm_m3_Hwi_initNVIC__E)
                  0000332c    0000008c                   : m3_TaskSupport_asm.obj (.text:ti_sysbios_family_arm_m3_TaskSupport_buildTaskStack)
                  000033b8    00000084     main.obj (.text:main)
                  0000343c    00000004     --HOLE-- [fill = 0]
                  00003440    00000084     sysbios.aem4f : BIOS.obj (.text:ti_sysbios_family_arm_m3_Hwi_postInit__I)
                  000034c4    0000007a     driverlib.lib : adc.obj (.text:ADCSequenceStepConfigure)
                  0000353e    0000007a     rtsv7M4_T_le_v4SPD16_eabi.lib : memset_t2.obj (.text)
                  000035b8    0000006d     ti.targets.arm.rtsarm.aem4f : System.oem4f (.text:xdc_runtime_System_formatNum__I)
                  00003625    00000003     --HOLE-- [fill = 0]
                  00003628    0000006c     sysbios.aem4f : BIOS.obj (.text:ti_sysbios_knl_Clock_workFunc__E)
                  00003694    00000004     --HOLE-- [fill = 0]
                  00003698    0000006c                   : BIOS.obj (.text:ti_sysbios_knl_Swi_restoreHwi__E)
                  00003704    00000004     --HOLE-- [fill = 0]
                  00003708    0000006c                   : BIOS.obj (.text:ti_sysbios_knl_Task_exit__E)
                  00003774    0000006c     ti.targets.arm.rtsarm.aem4f : Error.oem4f (.text:xdc_runtime_Error_print__E)
                  000037e0    0000006c                                 : Memory.oem4f (.text:xdc_runtime_Memory_alloc__E)
                  0000384c    0000006a     rtsv7M4_T_le_v4SPD16_eabi.lib : copy_decompress_rle.obj (.text)
                  000038b6    00000002     --HOLE-- [fill = 0]
                  000038b8    00000068     driverlib.lib : interrupt.obj (.text:IntEnable)
                  00003920    00000068     rtsv7M4_T_le_v4SPD16_eabi.lib : trgmsg.obj (.text)
                  00003988    00000066     ti.targets.arm.rtsarm.aem4f : Core-mem.oem4f (.text:xdc_runtime_Core_deleteObject__I)
                  000039ee    00000002     --HOLE-- [fill = 0]
                  000039f0    00000064     sysbios.aem4f : BIOS.obj (.text:ti_sysbios_family_arm_lm4_Timer_Module_startup__E)
                  00003a54    00000004     --HOLE-- [fill = 0]
                  00003a58    00000064                   : BIOS.obj (.text:ti_sysbios_family_arm_m3_Hwi_dispatchC__I)
                  00003abc    00000064     main.obj (.text:uart_read)
                  00003b20    00000060     sysbios.aem4f : BIOS.obj (.text:ti_sysbios_family_arm_lm4_Timer_isrStub__E)
                  00003b80    00000060                   : BIOS.obj (.text:ti_sysbios_knl_Task_schedule__I)
                  00003be0    00000060     main.obj (.text:uart_init)
                  00003c40    0000005c     sysbios.aem4f : BIOS.obj (.text:ti_sysbios_knl_Swi_run__I)
                  00003c9c    00000004     --HOLE-- [fill = 0]
                  00003ca0    0000005c                   : BIOS.obj (.text:ti_sysbios_knl_Swi_schedule__I)
                  00003cfc    00000004     --HOLE-- [fill = 0]
                  00003d00    0000005c                   : BIOS.obj (.text:ti_sysbios_knl_Task_Module_startup__E)
                  00003d5c    00000004     --HOLE-- [fill = 0]
                  00003d60    0000005c                   : BIOS.obj (.text:ti_sysbios_knl_Task_startCore__E)
                  00003dbc    0000005b     ti.targets.arm.rtsarm.aem4f : Text.oem4f (.text:xdc_runtime_Text_putLab__E)
                  00003e17    00000001     --HOLE-- [fill = 0]
                  00003e18    00000058     boot.aem4f : boot.oem4f (.text)
                  00003e70    00000058     sysbios.aem4f : m3_Hwi_asm_switch.obj (.text:ti_sysbios_family_arm_m3_Hwi_initStacks__E)
                  00003ec8    00000054     rtsv7M4_T_le_v4SPD16_eabi.lib : exit.obj (.text)
                  00003f1c    00000054     ti.targets.arm.rtsarm.aem4f : Assert.oem4f (.text:xdc_runtime_Assert_raise__I)
                  00003f70    00000050     driverlib.lib : sysctl.obj (.text:SysCtlPeripheralReset)
                  00003fc0    00000050     sysbios.aem4f : BIOS.obj (.text:ti_sysbios_family_arm_m3_Hwi_Module_startup__E)
                  00004010    00000050     ti.targets.arm.rtsarm.aem4f : Startup.oem4f (.text:xdc_runtime_Startup_exec__E)
                  00004060    00000050                                 : Text.oem4f (.text:xdc_runtime_Text_visitRope2__I)
                  000040b0    0000004c     rtsv7M4_T_le_v4SPD16_eabi.lib : cpy_tbl.obj (.text)
                  000040fc    00000004     --HOLE-- [fill = 0]
                  00004100    0000004c     sysbios.aem4f : BIOS.obj (.text:ti_sysbios_heaps_HeapMem_getStats__E)
                  0000414c    00000004     --HOLE-- [fill = 0]
                  00004150    0000004c                   : BIOS.obj (.text:ti_sysbios_knl_Swi_runLoop__I)
                  0000419c    00000004     --HOLE-- [fill = 0]
                  000041a0    0000004c                   : BIOS.obj (.text:ti_sysbios_knl_Task_allBlockedFunction__I)
                  000041ec    00000048     driverlib.lib : gpio.obj (.text:GPIOPinConfigure)
                  00004234    00000004     --HOLE-- [fill = 0]
                  00004238    00000048     sysbios.aem4f : BIOS.obj (.text:ti_sysbios_family_arm_m3_Hwi_disableInterrupt__E)
                  00004280    00000048                   : BIOS.obj (.text:ti_sysbios_family_arm_m3_Hwi_enableInterrupt__E)
                  000042c8    00000048                   : BIOS.obj (.text:ti_sysbios_family_arm_m3_Hwi_excReserved__I)
                  00004310    00000046     ti.targets.arm.rtsarm.aem4f : Core-params.oem4f (.text:xdc_runtime_Core_assignParams__I)
                  00004356    00000002     --HOLE-- [fill = 0]
                  00004358    00000044     sysbios.aem4f : BIOS.obj (.text:ti_sysbios_family_arm_m3_Hwi_getStackInfo__E)
                  0000439c    00000004     --HOLE-- [fill = 0]
                  000043a0    00000044                   : BIOS.obj (.text:ti_sysbios_knl_Swi_post__E)
                  000043e4    00000044     ti.targets.arm.rtsarm.aem4f : Error.oem4f (.text:xdc_runtime_Error_setX__E)
                  00004428    00000044                                 : SysMin.oem4f (.text:xdc_runtime_SysMin_flush__E)
                  0000446c    00000044                                 : Text.oem4f (.text:xdc_runtime_Text_xprintf__I)
                  000044b0    00000042     driverlib.lib : uart.obj (.text:UARTConfigSetExpClk)
                  000044f2    00000040     rtsv7M4_T_le_v4SPD16_eabi.lib : u_divt2.obj (.text)
                  00004532    00000006     driverlib.lib : gpio.obj (.text:GPIOPinWrite)
                  00004538    00000040     sysbios.aem4f : BIOS.obj (.text:ti_sysbios_family_arm_lm4_Timer_startup__E)
                  00004578    00000040     empty_pem4f.oem4f (.text:ti_sysbios_family_arm_m3_Hwi_Object__get__S)
                  000045b8    00000040     empty_pem4f.oem4f (.text:ti_sysbios_gates_GateHwi_Object__create__S)
                  000045f8    00000040     empty_pem4f.oem4f (.text:ti_sysbios_gates_GateMutex_Object__create__S)
                  00004638    00000040     empty_pem4f.oem4f (.text:ti_sysbios_heaps_HeapMem_Object__create__S)
                  00004678    00000040     empty_pem4f.oem4f (.text:ti_sysbios_heaps_HeapMem_Object__get__S)
                  000046b8    00000040     empty_pem4f.oem4f (.text:ti_sysbios_knl_Swi_Object__get__S)
                  000046f8    0000003e     driverlib.lib : adc.obj (.text:ADCSequenceConfigure)
                  00004736    0000003e     empty_pem4f.oem4f (.text:xdc_runtime_SysMin_output__I)
                  00004774    0000003c     main.obj (.text:pwm_forward)
                  000047b0    0000003c     sysbios.aem4f : BIOS.obj (.text:ti_sysbios_family_arm_m3_Hwi_excSvCall__I)
                  000047ec    00000004     --HOLE-- [fill = 0]
                  000047f0    0000003c                   : BIOS.obj (.text:ti_sysbios_heaps_HeapMem_init__I)
                  0000482c    00000004     --HOLE-- [fill = 0]
                  00004830    0000003c                   : BIOS.obj (.text:ti_sysbios_knl_Swi_restore__E)
                  0000486c    0000003c     empty_pem4f.oem4f (.text:ti_sysbios_knl_Task_Object__get__S)
                  000048a8    00000038     sysbios.aem4f : BIOS.obj (.text:ti_sysbios_family_arm_m3_Hwi_excNoIsr__I)
                  000048e0    00000038     empty_pem4f.oem4f (.text:ti_sysbios_knl_Clock_doTick__I)
                  00004918    00000038     empty_pem4f.oem4f (.text:ti_sysbios_knl_Queue_Object__get__S)
                  00004950    00000038     sysbios.aem4f : BIOS.obj (.text:ti_sysbios_knl_Task_processVitalTaskFlag__I)
                  00004988    00000038     ti.targets.arm.rtsarm.aem4f : SysMin.oem4f (.text:xdc_runtime_SysMin_putch__E)
                  000049c0    00000038                                 : System.oem4f (.text:xdc_runtime_System_atexit__E)
                  000049f8    00000034     driverlib.lib : sysctl.obj (.text:SysCtlPeripheralEnable)
                  00004a2c    00000004     --HOLE-- [fill = 0]
                  00004a30    00000034     sysbios.aem4f : BIOS.obj (.text:ti_sysbios_family_arm_m3_Hwi_excNmi__I)
                  00004a64    00000004     --HOLE-- [fill = 0]
                  00004a68    00000034                   : BIOS.obj (.text:ti_sysbios_hal_Hwi_checkStack)
                  00004a9c    00000034     empty_pem4f.oem4f (.text:ti_sysbios_knl_Semaphore_construct)
                  00004ad0    00000034     main.obj (.text:uart_print)
                  00004b04    00000034     ti.targets.arm.rtsarm.aem4f : Core-label.oem4f (.text:xdc_runtime_Core_assignLabel__I)
                  00004b38    00000033                                 : Text.oem4f (.text:xdc_runtime_Text_printVisFxn__I)
                  00004b6b    00000005     --HOLE-- [fill = 0]
                  00004b70    00000032     sysbios.aem4f : BIOS.obj (.text:ti_sysbios_hal_Hwi_initStack)
                  00004ba2    00000002     --HOLE-- [fill = 0]
                  00004ba4    00000030     empty_pem4f.oem4f (.text:ti_sysbios_BIOS_atExitFunc__I)
                  00004bd4    00000030     empty_pem4f.oem4f (.text:ti_sysbios_BIOS_errorRaiseHook__I)
                  00004c04    00000030     empty_pem4f.oem4f (.text:ti_sysbios_BIOS_rtsLock__I)
                  00004c34    00000004     --HOLE-- [fill = 0]
                  00004c38    00000030     sysbios.aem4f : BIOS.obj (.text:ti_sysbios_family_arm_lm4_Timer_stop__E)
                  00004c68    00000030                   : BIOS.obj (.text:ti_sysbios_family_arm_m3_TaskSupport_start__E)
                  00004c98    00000030     empty_pem4f.oem4f (.text:ti_sysbios_knl_Queue_construct)
                  00004cc8    00000030     sysbios.aem4f : BIOS.obj (.text:ti_sysbios_knl_Semaphore_pendTimeout__I)
                  00004cf8    00000030                   : BIOS.obj (.text:ti_sysbios_knl_Task_unblockI__E)
                  00004d28    00000030     ti.targets.arm.rtsarm.aem4f : SysMin.oem4f (.text:xdc_runtime_SysMin_abort__E)
                  00004d58    00000030                                 : System.oem4f (.text:xdc_runtime_System_processAtExit__E)
                  00004d88    0000002c     sysbios.aem4f : BIOS.obj (.text:ti_sysbios_knl_Task_restore__E)
                  00004db4    0000002c     ti.targets.arm.rtsarm.aem4f : Text.oem4f (.text:xdc_runtime_Text_cordText__E)
                  00004de0    0000002a     driverlib.lib : gpio.obj (.text:GPIODirModeSet)
                  00004e0a    0000002a     ti.targets.arm.rtsarm.aem4f : System.oem4f (.text:xdc_runtime_System_putchar__I)
                  00004e34    00000028     empty_pem4f.oem4f (.text:ti_sysbios_gates_GateMutex_Object__delete__S)
                  00004e5c    00000004     --HOLE-- [fill = 0]
                  00004e60    00000028     sysbios.aem4f : BIOS.obj (.text:ti_sysbios_knl_Swi_Module_startup__E)
                  00004e88    00000028     empty_pem4f.oem4f (.text:xdc_runtime_System_aprintf__E)
                  00004eb0    00000028     empty_pem4f.oem4f (.text:xdc_runtime_System_printf__E)
                  00004ed8    00000026     sysbios.aem4f : m3_Hwi_asm.obj (.text:ti_sysbios_family_arm_m3_Hwi_pendSV__I)
                  00004efe    00000026     ti.targets.arm.rtsarm.aem4f : System.oem4f (.text:xdc_runtime_System_avprintf__E)
                  00004f24    00000024     empty_pem4f.oem4f (.text:ti_sysbios_BIOS_registerRTSLock__I)
                  00004f48    00000024     empty_pem4f.oem4f (.text:ti_sysbios_BIOS_startFunc__I)
                  00004f6c    00000024     empty_pem4f.oem4f (.text:ti_sysbios_gates_GateHwi_Object__delete__S)
                  00004f90    00000024     empty_pem4f.oem4f (.text:ti_sysbios_heaps_HeapMem_Object__delete__S)
                  00004fb4    00000004     --HOLE-- [fill = 0]
                  00004fb8    00000024     sysbios.aem4f : BIOS.obj (.text:ti_sysbios_knl_Clock_Module_startup__E)
                  00004fdc    00000004     --HOLE-- [fill = 0]
                  00004fe0    00000024                   : BIOS.obj (.text:ti_sysbios_knl_Task_restoreHwi__E)
                  00005004    00000024     ti.targets.arm.rtsarm.aem4f : System.oem4f (.text:xdc_runtime_System_vprintf__E)
                  00005028    00000022     driverlib.lib : pwm.obj (.text:PWMGenConfigure)
                  0000504a    00000006                   : sysctl.obj (.text:SysCtlDelay)
                  00005050    00000022     sysbios.aem4f : BIOS.obj (.text:ti_sysbios_family_arm_lm4_Timer_write__I)
                  00005072    00000022     empty_pem4f.oem4f (.text:ti_sysbios_family_arm_m3_Hwi_Handle__label__S)
                  00005094    00000022     empty_pem4f.oem4f (.text:ti_sysbios_gates_GateHwi_Handle__label__S)
                  000050b6    00000022     empty_pem4f.oem4f (.text:ti_sysbios_gates_GateMutex_Handle__label__S)
                  000050d8    00000022     empty_pem4f.oem4f (.text:ti_sysbios_heaps_HeapMem_Handle__label__S)
                  000050fa    00000022     empty_pem4f.oem4f (.text:ti_sysbios_knl_Swi_Handle__label__S)
                  0000511c    00000022     empty_pem4f.oem4f (.text:ti_sysbios_knl_Task_Handle__label__S)
                  0000513e    00000002     --HOLE-- [fill = 0]
                  00005140    00000020     empty_pem4f.oem4f (.text:ti_sysbios_BIOS_removeRTSLock__I)
                  00005160    00000020     sysbios.aem4f : m3_Hwi_asm.obj (.text:ti_sysbios_family_arm_m3_Hwi_excHandlerAsm__I)
                  00005180    00000020                   : BIOS.obj (.text:ti_sysbios_family_arm_m3_Hwi_excHandler__I)
                  000051a0    00000020                   : BIOS.obj (.text:ti_sysbios_knl_Idle_run__E)
                  000051c0    00000020     empty_pem4f.oem4f (.text:ti_sysbios_knl_Semaphore_Object__destruct__S)
                  000051e0    00000020     empty_pem4f.oem4f (.text:xdc_runtime_IHeap_alloc)
                  00005200    00000020     ti.targets.arm.rtsarm.aem4f : Registry.oem4f (.text:xdc_runtime_Registry_findById__E)
                  00005220    00000020                                 : SysMin.oem4f (.text:xdc_runtime_SysMin_Module_startup__E)
                  00005240    00000020     empty_pem4f.oem4f (.text:xdc_runtime_Text_visitRope__I)
                  00005260    0000001e     driverlib.lib : pwm.obj (.text:PWMPulseWidthSet)
                  0000527e    0000001e     sysbios.aem4f : m3_Hwi_asm_switch.obj (.text:ti_sysbios_family_xxx_Hwi_switchAndRunFunc)
                  0000529c    0000001e     empty_pem4f.oem4f (.text:ti_sysbios_knl_Task_SupportProxy_start__E)
                  000052ba    0000001e     empty_pem4f.oem4f (.text:xdc_runtime_Memory_HeapProxy_alloc__E)
                  000052d8    0000001c     driverlib.lib : uart.obj (.text:UARTDisable)
                  000052f4    0000001c     main.obj (.text:hw_init)
                  00005310    0000001c     main.obj (.text:pwm_start_motor)
                  0000532c    0000001c     main.obj (.text:pwm_stop)
                  00005348    0000001c     empty_pem4f.oem4f (.text:ti_sysbios_family_arm_lm4_Timer_Module__startupDone__F)
                  00005364    0000001c     empty_pem4f.oem4f (.text:ti_sysbios_family_arm_m3_Hwi_Module__startupDone__F)
                  00005380    0000001c     sysbios.aem4f : BIOS.obj (.text:ti_sysbios_gates_GateMutex_Instance_init__E)
                  0000539c    0000001c     empty_pem4f.oem4f (.text:ti_sysbios_knl_Queue_Object__destruct__S)
                  000053b8    0000001c     sysbios.aem4f : BIOS.obj (.text:ti_sysbios_knl_Queue_put__E)
                  000053d4    00000004     --HOLE-- [fill = 0]
                  000053d8    0000001c                   : BIOS.obj (.text:ti_sysbios_knl_Task_enter__I)
                  000053f4    0000001c     main.obj (.text:uart_cmd_start)
                  00005410    0000001c     main.obj (.text:uart_int_handler)
                  0000542c    0000001c     ti.targets.arm.rtsarm.aem4f : Error.oem4f (.text:xdc_runtime_Error_raiseX__E)
                  00005448    0000001c                                 : Memory.oem4f (.text:xdc_runtime_Memory_valloc__E)
                  00005464    0000001c     empty_pem4f.oem4f (.text:xdc_runtime_Startup_exec__I)
                  00005480    0000001c     ti.targets.arm.rtsarm.aem4f : SysMin.oem4f (.text:xdc_runtime_SysMin_exit__E)
                  0000549c    0000001c                                 : System.oem4f (.text:xdc_runtime_System_abort__E)
                  000054b8    0000001a     empty_pem4f.oem4f (.text:xdc_runtime_IHeap_free)
                  000054d2    00000018     driverlib.lib : gpio.obj (.text:GPIOPinTypeGPIOOutput)
                  000054ea    00000002     --HOLE-- [fill = 0]
                  000054ec    00000018     rtsv7M4_T_le_v4SPD16_eabi.lib : args_main.obj (.text)
                  00005504    00000018     sysbios.aem4f : m3_TaskSupport_asm.obj (.text:ti_sysbios_family_arm_m3_TaskSupport_swap__E)
                  0000551c    00000004     --HOLE-- [fill = 0]
                  00005520    00000018                   : BIOS.obj (.text:ti_sysbios_gates_GateMutex_leave__E)
                  00005538    00000018     ti.targets.arm.rtsarm.aem4f : Error.oem4f (.text:xdc_runtime_Error_check__E)
                  00005550    00000018                                 : System.oem4f (.text:xdc_runtime_System_exit__E)
                  00005568    00000018                                 : Text.oem4f (.text:xdc_runtime_Text_ropeText__E)
                  00005580    00000016     empty_pem4f.oem4f (.text:ti_sysbios_BIOS_exitFunc__I)
                  00005596    00000002     --HOLE-- [fill = 0]
                  00005598    00000014     driverlib.lib : sysctl.obj (.text:SysCtlPWMClockSet)
                  000055ac    00000014                   : uart.obj (.text:UARTEnable)
                  000055c0    00000014     rtsv7M4_T_le_v4SPD16_eabi.lib : _lock.obj (.text)
                  000055d4    00000014                                   : strcpy.obj (.text)
                  000055e8    00000014                                   : strlen.obj (.text)
                  000055fc    00000004     --HOLE-- [fill = 0]
                  00005600    00000014     sysbios.aem4f : BIOS.obj (.text:ti_sysbios_family_arm_m3_Hwi_switchFromBootStack__E)
                  00005614    00000014     empty_pem4f.oem4f (.text:ti_sysbios_hal_Hwi_HwiProxy_getStackInfo__E)
                  00005628    00000014     empty_pem4f.oem4f (.text:ti_sysbios_knl_Clock_Module_State_clockQ)
                  0000563c    00000014     empty_pem4f.oem4f (.text:xdc_runtime_Memory_HeapProxy_free__E)
                  00005650    00000012     driverlib.lib : gpio.obj (.text:GPIOPinTypeADC)
                  00005662    00000012                   : gpio.obj (.text:GPIOPinTypePWM)
                  00005674    00000012                   : gpio.obj (.text:GPIOPinTypeUART)
                  00005686    00000012                   : pwm.obj (.text:PWMOutputState)
                  00005698    00000012     sysbios.aem4f : BIOS.obj (.text:ti_sysbios_hal_Hwi_Module_startup__E)
                  000056aa    00000002     --HOLE-- [fill = 0]
                  000056ac    00000010     empty_pem4f.oem4f (.text:.bootCodeSection:ti_catalog_arm_cortexm4_tiva_ce_Boot_init__I)
                  000056bc    00000010     driverlib.lib : interrupt.obj (.text:IntMasterEnable)
                  000056cc    00000010                   : pwm.obj (.text:PWMGenPeriodSet)
                  000056dc    00000010     main.obj (.text:delay)
                  000056ec    00000010     empty_pem4f.oem4f (.text:ti_sysbios_BIOS_RtsGateProxy_leave__E)
                  000056fc    00000004     --HOLE-- [fill = 0]
                  00005700    00000010     sysbios.aem4f : BIOS.obj (.text:ti_sysbios_BIOS_setThreadType__E)
                  00005710    00000010                   : m3_TaskSupport_asm.obj (.text:ti_sysbios_family_arm_m3_TaskSupport_glue)
                  00005720    00000010                   : BIOS.obj (.text:ti_sysbios_gates_GateMutex_Instance_finalize__E)
                  00005730    00000010     empty_pem4f.oem4f (.text:ti_sysbios_heaps_HeapMem_Module_GateProxy_leave__E)
                  00005740    00000010     sysbios.aem4f : BIOS.obj (.text:ti_sysbios_knl_Semaphore_Instance_finalize__E)
                  00005750    00000010                   : BIOS.obj (.text:ti_sysbios_knl_Swi_disable__E)
                  00005760    00000010     empty_pem4f.oem4f (.text:ti_sysbios_knl_Task_SupportProxy_checkStack__E)
                  00005770    00000010     empty_pem4f.oem4f (.text:ti_sysbios_knl_Task_SupportProxy_swap__E)
                  00005780    00000010     sysbios.aem4f : BIOS.obj (.text:ti_sysbios_knl_Task_disable__E)
                  00005790    00000010     ti.targets.arm.rtsarm.aem4f : Gate.oem4f (.text:xdc_runtime_Gate_leaveSystem__E)
                  000057a0    00000010                                 : Memory.oem4f (.text:xdc_runtime_Memory_free__E)
                  000057b0    00000010                                 : SysMin.oem4f (.text:xdc_runtime_SysMin_ready__E)
                  000057c0    00000010     empty_pem4f.oem4f (.text:xdc_runtime_System_Module_GateProxy_leave__E)
                  000057d0    00000010     empty_pem4f.oem4f (.text:xdc_runtime_System_SupportProxy_putch__E)
                  000057e0    00000010     ti.targets.arm.rtsarm.aem4f : System.oem4f (.text:xdc_runtime_System_vsnprintf__E)
                  000057f0    0000000e     driverlib.lib : adc.obj (.text:ADCSequenceEnable)
                  000057fe    0000000e                   : uart.obj (.text:UARTCharGetNonBlocking)
                  0000580c    0000000e                   : uart.obj (.text:UARTCharPutNonBlocking)
                  0000581a    0000000e     rtsv7M4_T_le_v4SPD16_eabi.lib : copy_decompress_none.obj (.text:decompress:none)
                  00005828    0000000e     sysbios.aem4f : BIOS.obj (.text:ti_sysbios_knl_Idle_loop__E)
                  00005836    00000002     --HOLE-- [fill = 0]
                  00005838    0000000e                   : BIOS.obj (.text:ti_sysbios_knl_Queue_empty__E)
                  00005846    0000000c     driverlib.lib : cpu.obj (.text:CPUcpsie)
                  00005852    0000000c                   : pwm.obj (.text:PWMGenEnable)
                  0000585e    0000000c                   : uart.obj (.text:UARTCharsAvail)
                  0000586a    0000000c     empty_pem4f.oem4f (.text:ti_sysbios_BIOS_RtsGateProxy_enter__E)
                  00005876    00000002     --HOLE-- [fill = 0]
                  00005878    0000000c     sysbios.aem4f : BIOS.obj (.text:ti_sysbios_family_arm_lm4_Timer_getMaxTicks__E)
                  00005884    00000004     --HOLE-- [fill = 0]
                  00005888    0000000c                   : BIOS.obj (.text:ti_sysbios_family_arm_m3_TaskSupport_checkStack__E)
                  00005894    00000004     --HOLE-- [fill = 0]
                  00005898    0000000c                   : BIOS.obj (.text:ti_sysbios_gates_GateHwi_enter__E)
                  000058a4    0000000c     empty_pem4f.oem4f (.text:ti_sysbios_heaps_HeapMem_Module_GateProxy_enter__E)
                  000058b0    0000000c     empty_pem4f.oem4f (.text:ti_sysbios_heaps_HeapMem_Module_GateProxy_query__E)
                  000058bc    0000000c     empty_pem4f.oem4f (.text:ti_sysbios_knl_Clock_TimerProxy_getMaxTicks__E)
                  000058c8    0000000c     empty_pem4f.oem4f (.text:ti_sysbios_knl_Queue_destruct)
                  000058d4    0000000c     empty_pem4f.oem4f (.text:ti_sysbios_knl_Semaphore_destruct)
                  000058e0    0000000c     empty_pem4f.oem4f (.text:xdc_iargToPtr)
                  000058ec    0000000c     ti.targets.arm.rtsarm.aem4f : Error.oem4f (.text:xdc_runtime_Error_init__E)
                  000058f8    0000000c                                 : Gate.oem4f (.text:xdc_runtime_Gate_enterSystem__E)
                  00005904    0000000c                                 : Memory.oem4f (.text:xdc_runtime_Memory_calloc__E)
                  00005910    0000000c                                 : Memory.oem4f (.text:xdc_runtime_Memory_getMaxDefaultTypeAlign__E)
                  0000591c    0000000c     empty_pem4f.oem4f (.text:xdc_runtime_System_Module_GateProxy_enter__E)
                  00005928    0000000c     empty_pem4f.oem4f (.text:xdc_runtime_System_SupportProxy_abort__E)
                  00005934    0000000c     empty_pem4f.oem4f (.text:xdc_runtime_System_SupportProxy_exit__E)
                  00005940    0000000a     driverlib.lib : uart.obj (.text:UARTCharPut)
                  0000594a    0000000a                   : uart.obj (.text:UARTIntStatus)
                  00005954    00000008                   : uart.obj (.text:UARTIntEnable)
                  0000595c    00000008     empty_pem4f.oem4f (.text:ti_sysbios_family_arm_lm4_Timer_Module__startupDone__S)
                  00005964    00000008     sysbios.aem4f : BIOS.obj (.text:ti_sysbios_family_arm_lm4_Timer_masterDisable__I)
                  0000596c    00000008     empty_pem4f.oem4f (.text:ti_sysbios_family_arm_m3_Hwi_Module__startupDone__S)
                  00005974    00000004     --HOLE-- [fill = 0]
                  00005978    00000008     sysbios.aem4f : BIOS.obj (.text:ti_sysbios_family_arm_m3_Hwi_doSwiRestore__I)
                  00005980    00000008                   : BIOS.obj (.text:ti_sysbios_family_arm_m3_Hwi_startup__E)
                  00005988    00000008     empty_pem4f.oem4f (.text:ti_sysbios_hal_Hwi_HwiProxy_Module__startupDone__S)
                  00005990    00000008     empty_pem4f.oem4f (.text:ti_sysbios_hal_Hwi_HwiProxy_startup__E)
                  00005998    00000008     empty_pem4f.oem4f (.text:ti_sysbios_hal_Hwi_HwiProxy_switchFromBootStack__E)
                  000059a0    00000008     empty_pem4f.oem4f (.text:ti_sysbios_knl_Clock_TimerProxy_Module__startupDone__S)
                  000059a8    00000008     empty_pem4f.oem4f (.text:ti_sysbios_knl_Task_SupportProxy_Module__startupDone__S)
                  000059b0    00000008     empty_pem4f.oem4f (.text:xdc_runtime_System_SupportProxy_ready__E)
                  000059b8    00000006     rtsv7M4_T_le_v4SPD16_eabi.lib : copy_decompress_rle.obj (.text:decompress:rle24)
                  000059be    00000006     Boot.aem4f : Boot_sysctl.oem4f (.text:ti_catalog_arm_cortexm4_tiva_ce_Boot_sysCtlDelayI__I)
                  000059c4    00000004     --HOLE-- [fill = 0]
                  000059c8    00000006     sysbios.aem4f : BIOS.obj (.text:ti_sysbios_family_arm_m3_Hwi_doTaskRestore__I)
                  000059ce    00000002     --HOLE-- [fill = 0]
                  000059d0    00000006                   : BIOS.obj (.text:ti_sysbios_gates_GateHwi_leave__E)
                  000059d6    00000002     --HOLE-- [fill = 0]
                  000059d8    00000006                   : BIOS.obj (.text:ti_sysbios_heaps_HeapMem_isBlocking__E)
                  000059de    00000002     --HOLE-- [fill = 0]
                  000059e0    00000006                   : BIOS.obj (.text:ti_sysbios_knl_Queue_Instance_init__E)
                  000059e6    00000002     --HOLE-- [fill = 0]
                  000059e8    00000006                   : BIOS.obj (.text:ti_sysbios_knl_Swi_startup__E)
                  000059ee    00000006     ti.targets.arm.rtsarm.aem4f : System.oem4f (.text:xdc_runtime_System_Module_startup__E)
                  000059f4    00000004     --HOLE-- [fill = 0]
                  000059f8    00000004     sysbios.aem4f : BIOS.obj (.text:ti_sysbios_gates_GateHwi_query__E)
                  000059fc    00000004     --HOLE-- [fill = 0]
                  00005a00    00000004                   : BIOS.obj (.text:ti_sysbios_gates_GateMutex_query__E)
                  00005a04    00000004     --HOLE-- [fill = 0]
                  00005a08    00000004                   : BIOS.obj (.text:ti_sysbios_knl_Task_startup__E)
                  00005a0c    00000004     --HOLE-- [fill = 0]
                  00005a10    00000002                   : BIOS.obj (.text:ti_sysbios_gates_GateHwi_Instance_init__E)
                  00005a12    00000006     --HOLE-- [fill = 0]
                  00005a18    00000002                   : BIOS.obj (.text:ti_sysbios_knl_Clock_logTick__E)

.const     0    00005a1c    00001e9a     
                  00005a1c    00001867     empty_pem4f.oem4f (.const:xdc_runtime_Text_charTab__A)
                  00007283    00000001     empty_pem4f.oem4f (.const:xdc_runtime_Error_policy__C)
                  00007284    000000bc     empty_pem4f.oem4f (.const:xdc_runtime_Text_nodeTab__A)
                  00007340    00000090     driverlib.lib : gpio.obj (.const:g_pui32GPIOBaseAddrs)
                  000073d0    00000070                   : interrupt.obj (.const)
                  00007440    0000006c                   : sysctl.obj (.const:g_pui32Xtals)
                  000074ac    00000048     empty_pem4f.oem4f (.const:.string)
                  000074f4    00000028     empty_pem4f.oem4f (.const:ti_sysbios_heaps_HeapMem_Module__FXNS__C)
                  0000751c    00000024     empty_pem4f.oem4f (.const:ti_sysbios_gates_GateHwi_Module__FXNS__C)
                  00007540    00000024     empty_pem4f.oem4f (.const:ti_sysbios_gates_GateMutex_Module__FXNS__C)
                  00007564    00000024     empty_pem4f.oem4f (.const:ti_sysbios_heaps_HeapMem_Object__PARAMS__C)
                  00007588    00000024     empty_pem4f.oem4f (.const:ti_sysbios_knl_Semaphore_Object__PARAMS__C)
                  000075ac    00000020     empty_pem4f.oem4f (.const:ti_sysbios_gates_GateHwi_Object__DESC__C)
                  000075cc    00000020     empty_pem4f.oem4f (.const:ti_sysbios_gates_GateMutex_Object__DESC__C)
                  000075ec    00000020     empty_pem4f.oem4f (.const:ti_sysbios_heaps_HeapMem_Object__DESC__C)
                  0000760c    00000020     empty_pem4f.oem4f (.const:ti_sysbios_knl_Queue_Object__DESC__C)
                  0000762c    00000020     empty_pem4f.oem4f (.const:ti_sysbios_knl_Semaphore_Object__DESC__C)
                  0000764c    00000020     empty_pem4f.oem4f (.const:xdc_runtime_Startup_sfxnTab__A)
                  0000766c    00000018     empty_pem4f.oem4f (.const:ti_sysbios_gates_GateHwi_Object__PARAMS__C)
                  00007684    00000018     empty_pem4f.oem4f (.const:ti_sysbios_gates_GateMutex_Object__PARAMS__C)
                  0000769c    00000018     empty_pem4f.oem4f (.const:ti_sysbios_knl_Queue_Object__PARAMS__C)
                  000076b4    00000014     empty_pem4f.oem4f (.const:xdc_runtime_Startup_firstFxns__A)
                  000076c8    00000010     empty_pem4f.oem4f (.const:xdc_runtime_Startup_sfxnRts__A)
                  000076d8    00000008     empty_pem4f.oem4f (.const:ti_sysbios_family_arm_m3_Hwi_excHookFuncs__A)
                  000076e0    00000008     empty_pem4f.oem4f (.const:ti_sysbios_knl_Idle_funcList__C)
                  000076e8    00000008     empty_pem4f.oem4f (.const:xdc_runtime_Startup_firstFxns__C)
                  000076f0    00000008     empty_pem4f.oem4f (.const:xdc_runtime_Startup_lastFxns__C)
                  000076f8    00000004     empty_pem4f.oem4f (.const:ti_catalog_arm_cortexm4_tiva_ce_Boot_A_mustUseEnhancedClockMode__C)
                  000076fc    00000004     empty_pem4f.oem4f (.const:ti_catalog_arm_cortexm4_tiva_ce_Boot_Module__diagsEnabled__C)
                  00007700    00000004     empty_pem4f.oem4f (.const:ti_catalog_arm_cortexm4_tiva_ce_Boot_Module__diagsIncluded__C)
                  00007704    00000004     empty_pem4f.oem4f (.const:ti_catalog_arm_cortexm4_tiva_ce_Boot_Module__diagsMask__C)
                  00007708    00000004     empty_pem4f.oem4f (.const:ti_sysbios_BIOS_installedErrorHook__C)
                  0000770c    00000004     empty_pem4f.oem4f (.const:ti_sysbios_family_arm_lm4_Timer_enableFunc__C)
                  00007710    00000004     empty_pem4f.oem4f (.const:ti_sysbios_family_arm_lm4_Timer_numTimerDevices__C)
                  00007714    00000004     empty_pem4f.oem4f (.const:ti_sysbios_family_arm_lm4_Timer_startupNeeded__C)
                  00007718    00000004     empty_pem4f.oem4f (.const:ti_sysbios_family_arm_m3_Hwi_E_NMI__C)
                  0000771c    00000004     empty_pem4f.oem4f (.const:ti_sysbios_family_arm_m3_Hwi_E_busFault__C)
                  00007720    00000004     empty_pem4f.oem4f (.const:ti_sysbios_family_arm_m3_Hwi_E_debugMon__C)
                  00007724    00000004     empty_pem4f.oem4f (.const:ti_sysbios_family_arm_m3_Hwi_E_hardFault__C)
                  00007728    00000004     empty_pem4f.oem4f (.const:ti_sysbios_family_arm_m3_Hwi_E_memFault__C)
                  0000772c    00000004     empty_pem4f.oem4f (.const:ti_sysbios_family_arm_m3_Hwi_E_noIsr__C)
                  00007730    00000004     empty_pem4f.oem4f (.const:ti_sysbios_family_arm_m3_Hwi_E_reserved__C)
                  00007734    00000004     empty_pem4f.oem4f (.const:ti_sysbios_family_arm_m3_Hwi_E_svCall__C)
                  00007738    00000004     empty_pem4f.oem4f (.const:ti_sysbios_family_arm_m3_Hwi_E_usageFault__C)
                  0000773c    00000004     empty_pem4f.oem4f (.const:ti_sysbios_family_arm_m3_Hwi_NUM_INTERRUPTS__C)
                  00007740    00000004     empty_pem4f.oem4f (.const:ti_sysbios_family_arm_m3_Hwi_Object__count__C)
                  00007744    00000004     empty_pem4f.oem4f (.const:ti_sysbios_family_arm_m3_Hwi_Object__table__C)
                  00007748    00000004     empty_pem4f.oem4f (.const:ti_sysbios_family_arm_m3_Hwi_ccr__C)
                  0000774c    00000004     empty_pem4f.oem4f (.const:ti_sysbios_family_arm_m3_Hwi_excHandlerFunc__C)
                  00007750    00000004     empty_pem4f.oem4f (.const:ti_sysbios_family_arm_m3_Hwi_excHookFuncs__C)
                  00007754    00000004     empty_pem4f.oem4f (.const:ti_sysbios_family_arm_m3_Hwi_nullIsrFunc__C)
                  00007758    00000004     empty_pem4f.oem4f (.const:ti_sysbios_family_arm_m3_Hwi_priGroup__C)
                  0000775c    00000004     empty_pem4f.oem4f (.const:ti_sysbios_gates_GateMutex_A_badContext__C)
                  00007760    00000004     empty_pem4f.oem4f (.const:ti_sysbios_gates_GateMutex_Instance_State_sem__O)
                  00007764    00000004     empty_pem4f.oem4f (.const:ti_sysbios_gates_GateMutex_Module__diagsEnabled__C)
                  00007768    00000004     empty_pem4f.oem4f (.const:ti_sysbios_gates_GateMutex_Module__diagsIncluded__C)
                  0000776c    00000004     empty_pem4f.oem4f (.const:ti_sysbios_gates_GateMutex_Module__diagsMask__C)
                  00007770    00000004     empty_pem4f.oem4f (.const:ti_sysbios_hal_Hwi_E_stackOverflow__C)
                  00007774    00000004     empty_pem4f.oem4f (.const:ti_sysbios_heaps_HeapMem_A_align__C)
                  00007778    00000004     empty_pem4f.oem4f (.const:ti_sysbios_heaps_HeapMem_A_heapSize__C)
                  0000777c    00000004     empty_pem4f.oem4f (.const:ti_sysbios_heaps_HeapMem_A_invalidFree__C)
                  00007780    00000004     empty_pem4f.oem4f (.const:ti_sysbios_heaps_HeapMem_A_zeroBlock__C)
                  00007784    00000004     empty_pem4f.oem4f (.const:ti_sysbios_heaps_HeapMem_E_memory__C)
                  00007788    00000004     empty_pem4f.oem4f (.const:ti_sysbios_heaps_HeapMem_Module__diagsEnabled__C)
                  0000778c    00000004     empty_pem4f.oem4f (.const:ti_sysbios_heaps_HeapMem_Module__diagsIncluded__C)
                  00007790    00000004     empty_pem4f.oem4f (.const:ti_sysbios_heaps_HeapMem_Module__diagsMask__C)
                  00007794    00000004     empty_pem4f.oem4f (.const:ti_sysbios_heaps_HeapMem_Module__gateObj__C)
                  00007798    00000004     empty_pem4f.oem4f (.const:ti_sysbios_heaps_HeapMem_Object__count__C)
                  0000779c    00000004     empty_pem4f.oem4f (.const:ti_sysbios_heaps_HeapMem_Object__table__C)
                  000077a0    00000004     empty_pem4f.oem4f (.const:ti_sysbios_heaps_HeapMem_reqAlign__C)
                  000077a4    00000004     empty_pem4f.oem4f (.const:ti_sysbios_knl_Clock_Module_State_clockQ__O)
                  000077a8    00000004     empty_pem4f.oem4f (.const:ti_sysbios_knl_Idle_funcList__A)
                  000077ac    00000004     empty_pem4f.oem4f (.const:ti_sysbios_knl_Queue_Object__count__C)
                  000077b0    00000004     empty_pem4f.oem4f (.const:ti_sysbios_knl_Queue_Object__table__C)
                  000077b4    00000004     empty_pem4f.oem4f (.const:ti_sysbios_knl_Semaphore_A_badContext__C)
                  000077b8    00000004     empty_pem4f.oem4f (.const:ti_sysbios_knl_Semaphore_A_noEvents__C)
                  000077bc    00000004     empty_pem4f.oem4f (.const:ti_sysbios_knl_Semaphore_A_overflow__C)
                  000077c0    00000004     empty_pem4f.oem4f (.const:ti_sysbios_knl_Semaphore_A_pendTaskDisabled__C)
                  000077c4    00000004     empty_pem4f.oem4f (.const:ti_sysbios_knl_Semaphore_Instance_State_pendQ__O)
                  000077c8    00000004     empty_pem4f.oem4f (.const:ti_sysbios_knl_Semaphore_Module__diagsEnabled__C)
                  000077cc    00000004     empty_pem4f.oem4f (.const:ti_sysbios_knl_Semaphore_Module__diagsIncluded__C)
                  000077d0    00000004     empty_pem4f.oem4f (.const:ti_sysbios_knl_Semaphore_Module__diagsMask__C)
                  000077d4    00000004     empty_pem4f.oem4f (.const:ti_sysbios_knl_Swi_Object__count__C)
                  000077d8    00000004     empty_pem4f.oem4f (.const:ti_sysbios_knl_Swi_Object__table__C)
                  000077dc    00000004     empty_pem4f.oem4f (.const:ti_sysbios_knl_Task_E_spOutOfBounds__C)
                  000077e0    00000004     empty_pem4f.oem4f (.const:ti_sysbios_knl_Task_E_stackOverflow__C)
                  000077e4    00000004     empty_pem4f.oem4f (.const:ti_sysbios_knl_Task_Module_State_inactiveQ__O)
                  000077e8    00000004     empty_pem4f.oem4f (.const:ti_sysbios_knl_Task_Object__count__C)
                  000077ec    00000004     empty_pem4f.oem4f (.const:ti_sysbios_knl_Task_Object__table__C)
                  000077f0    00000004     empty_pem4f.oem4f (.const:ti_sysbios_knl_Task_allBlockedFunc__C)
                  000077f4    00000004     empty_pem4f.oem4f (.const:ti_sysbios_knl_Task_numConstructedTasks__C)
                  000077f8    00000004     empty_pem4f.oem4f (.const:xdc_runtime_Assert_E_assertFailed__C)
                  000077fc    00000004     empty_pem4f.oem4f (.const:xdc_runtime_Core_A_initializedParams__C)
                  00007800    00000004     empty_pem4f.oem4f (.const:xdc_runtime_Core_Module__diagsEnabled__C)
                  00007804    00000004     empty_pem4f.oem4f (.const:xdc_runtime_Core_Module__diagsIncluded__C)
                  00007808    00000004     empty_pem4f.oem4f (.const:xdc_runtime_Core_Module__diagsMask__C)
                  0000780c    00000004     empty_pem4f.oem4f (.const:xdc_runtime_Error_E_memory__C)
                  00007810    00000004     empty_pem4f.oem4f (.const:xdc_runtime_Error_Module__diagsEnabled__C)
                  00007814    00000004     empty_pem4f.oem4f (.const:xdc_runtime_Error_Module__diagsIncluded__C)
                  00007818    00000004     empty_pem4f.oem4f (.const:xdc_runtime_Error_Module__diagsMask__C)
                  0000781c    00000004     empty_pem4f.oem4f (.const:xdc_runtime_Error_Module__loggerFxn8__C)
                  00007820    00000004     empty_pem4f.oem4f (.const:xdc_runtime_Error_Module__loggerObj__C)
                  00007824    00000004     empty_pem4f.oem4f (.const:xdc_runtime_Error_policyFxn__C)
                  00007828    00000004     empty_pem4f.oem4f (.const:xdc_runtime_Error_raiseHook__C)
                  0000782c    00000004     empty_pem4f.oem4f (.const:xdc_runtime_IGateProvider_Interface__BASE__C)
                  00007830    00000004     empty_pem4f.oem4f (.const:xdc_runtime_IHeap_Interface__BASE__C)
                  00007834    00000004     empty_pem4f.oem4f (.const:xdc_runtime_IModule_Interface__BASE__C)
                  00007838    00000004     empty_pem4f.oem4f (.const:xdc_runtime_Log_L_error__C)
                  0000783c    00000004     empty_pem4f.oem4f (.const:xdc_runtime_Main_Module__diagsEnabled__C)
                  00007840    00000004     empty_pem4f.oem4f (.const:xdc_runtime_Main_Module__diagsIncluded__C)
                  00007844    00000004     empty_pem4f.oem4f (.const:xdc_runtime_Main_Module__diagsMask__C)
                  00007848    00000004     empty_pem4f.oem4f (.const:xdc_runtime_Memory_defaultHeapInstance__C)
                  0000784c    00000004     empty_pem4f.oem4f (.const:xdc_runtime_Startup_execImpl__C)
                  00007850    00000004     empty_pem4f.oem4f (.const:xdc_runtime_Startup_maxPasses__C)
                  00007854    00000004     empty_pem4f.oem4f (.const:xdc_runtime_Startup_sfxnRts__C)
                  00007858    00000004     empty_pem4f.oem4f (.const:xdc_runtime_Startup_sfxnTab__C)
                  0000785c    00000004     empty_pem4f.oem4f (.const:xdc_runtime_Startup_startModsFxn__C)
                  00007860    00000004     empty_pem4f.oem4f (.const:xdc_runtime_SysMin_bufSize__C)
                  00007864    00000004     empty_pem4f.oem4f (.const:xdc_runtime_SysMin_outputFunc__C)
                  00007868    00000004     empty_pem4f.oem4f (.const:xdc_runtime_System_Module__gateObj__C)
                  0000786c    00000004     empty_pem4f.oem4f (.const:xdc_runtime_System_abortFxn__C)
                  00007870    00000004     empty_pem4f.oem4f (.const:xdc_runtime_System_exitFxn__C)
                  00007874    00000004     empty_pem4f.oem4f (.const:xdc_runtime_System_extendFxn__C)
                  00007878    00000004     empty_pem4f.oem4f (.const:xdc_runtime_System_maxAtexitHandlers__C)
                  0000787c    00000004     empty_pem4f.oem4f (.const:xdc_runtime_Text_charTab__C)
                  00007880    00000004     empty_pem4f.oem4f (.const:xdc_runtime_Text_nameEmpty__C)
                  00007884    00000004     empty_pem4f.oem4f (.const:xdc_runtime_Text_nameStatic__C)
                  00007888    00000004     empty_pem4f.oem4f (.const:xdc_runtime_Text_nameUnknown__C)
                  0000788c    00000004     empty_pem4f.oem4f (.const:xdc_runtime_Text_nodeTab__C)
                  00007890    00000004     empty_pem4f.oem4f (.const:xdc_runtime_Text_visitRopeFxn__C)
                  00007894    00000002     empty_pem4f.oem4f (.const:ti_catalog_arm_cortexm4_tiva_ce_Boot_Module__id__C)
                  00007896    00000002     empty_pem4f.oem4f (.const:ti_sysbios_family_arm_m3_Hwi_Module__id__C)
                  00007898    00000002     empty_pem4f.oem4f (.const:ti_sysbios_gates_GateMutex_Module__id__C)
                  0000789a    00000002     empty_pem4f.oem4f (.const:ti_sysbios_hal_Hwi_Module__id__C)
                  0000789c    00000002     empty_pem4f.oem4f (.const:ti_sysbios_heaps_HeapMem_Module__id__C)
                  0000789e    00000002     empty_pem4f.oem4f (.const:ti_sysbios_knl_Semaphore_Module__id__C)
                  000078a0    00000002     empty_pem4f.oem4f (.const:ti_sysbios_knl_Task_Module__id__C)
                  000078a2    00000002     empty_pem4f.oem4f (.const:xdc_runtime_Core_Module__id__C)
                  000078a4    00000002     empty_pem4f.oem4f (.const:xdc_runtime_Error_Module__loggerDefined__C)
                  000078a6    00000002     empty_pem4f.oem4f (.const:xdc_runtime_Error_maxDepth__C)
                  000078a8    00000002     empty_pem4f.oem4f (.const:xdc_runtime_Main_Module__id__C)
                  000078aa    00000002     empty_pem4f.oem4f (.const:xdc_runtime_Memory_Module__id__C)
                  000078ac    00000002     empty_pem4f.oem4f (.const:xdc_runtime_SysMin_flushAtExit__C)
                  000078ae    00000002     empty_pem4f.oem4f (.const:xdc_runtime_Text_charCnt__C)
                  000078b0    00000002     empty_pem4f.oem4f (.const:xdc_runtime_Text_isLoaded__C)
                  000078b2    00000002     empty_pem4f.oem4f (.const:xdc_runtime_Text_registryModsLastId__C)
                  000078b4    00000002     empty_pem4f.oem4f (.const:xdc_runtime_Text_unnamedModsLastId__C)

.cinit     0    000078b8    0000033c     
                  000078b8    000002fa     (.cinit..data.load) [load image, compression = rle]
                  00007bb2    00000006     --HOLE-- [fill = 0]
                  00007bb8    0000000b     (.cinit..bss.load) [load image, compression = rle]
                  00007bc3    00000005     --HOLE-- [fill = 0]
                  00007bc8    0000000b     (.cinit..vecs.load) [load image, compression = rle]
                  00007bd3    00000001     --HOLE-- [fill = 0]
                  00007bd4    00000008     (__TI_handler_table)
                  00007bdc    00000018     (__TI_cinit_table)

.init_array 
*          0    00000000    00000000     UNINITIALIZED

.resetVecs 
*          0    00000000    0000003c     
                  00000000    0000003c     empty_pem4f.oem4f (.resetVecs)

.vecs      0    20000000    00000360     UNINITIALIZED
                  20000000    00000360     empty_pem4f.oem4f (.vecs)

.bss       0    20000360    00000d0c     UNINITIALIZED
                  20000360    00000400     empty_pem4f.oem4f (.bss:taskStackSection)
                  20000760    00000400     (.common:ti_sysbios_heaps_HeapMem_Instance_State_0_buf__A)
                  20000b60    00000360     (.common:ti_sysbios_family_arm_m3_Hwi_dispatchTable)
                  20000ec0    00000120     rtsv7M4_T_le_v4SPD16_eabi.lib : trgmsg.obj (.bss:_CIOBUF_)
                  20000fe0    00000080     (.common:xdc_runtime_SysMin_Module_State_0_outbuf__A)
                  20001060    00000008                                   : trgdrv.obj (.bss:parmbuf)
                  20001068    00000004     (.common:PWMload)

.data      0    2000106c    00000430     UNINITIALIZED
                  2000106c    00000098     empty_pem4f.oem4f (.data:ti_sysbios_knl_Task_Object__table__V)
                  20001104    00000080     empty_pem4f.oem4f (.data:ti_sysbios_knl_Swi_Module_State_0_readyQ__A)
                  20001184    00000080     empty_pem4f.oem4f (.data:ti_sysbios_knl_Task_Module_State_0_readyQ__A)
                  20001204    00000044     empty_pem4f.oem4f (.data:ti_sysbios_knl_Task_Module__state__V)
                  20001248    00000040     empty_pem4f.oem4f (.data:ti_sysbios_family_arm_lm4_Timer_Object__table__V)
                  20001288    00000038     empty_pem4f.oem4f (.data:ti_sysbios_gates_GateMutex_Object__table__V)
                  200012c0    00000034     empty_pem4f.oem4f (.data:ti_sysbios_family_arm_m3_Hwi_Module__state__V)
                  200012f4    00000030     empty_pem4f.oem4f (.data:ti_sysbios_family_arm_lm4_Timer_Module_State_0_device__A)
                  20001324    00000030     empty_pem4f.oem4f (.data:ti_sysbios_knl_Swi_Object__table__V)
                  20001354    0000002c     empty_pem4f.oem4f (.data:ti_sysbios_knl_Clock_Module__state__V)
                  20001380    00000024     empty_pem4f.oem4f (.data:ti_sysbios_BIOS_Module__state__V)
                  200013a4    0000001c     empty_pem4f.oem4f (.data:ti_sysbios_knl_Swi_Module__state__V)
                  200013c0    00000018     empty_pem4f.oem4f (.data:ti_sysbios_family_arm_lm4_Timer_Module_State_0_handles__A)
                  200013d8    00000018     empty_pem4f.oem4f (.data:ti_sysbios_family_arm_m3_Hwi_Object__table__V)
                  200013f0    00000018     empty_pem4f.oem4f (.data:ti_sysbios_heaps_HeapMem_Object__table__V)
                  20001408    0000000c     rtsv7M4_T_le_v4SPD16_eabi.lib : exit.obj (.data:$O1$$)
                  20001414    0000000c     empty_pem4f.oem4f (.data:ti_sysbios_family_arm_lm4_Timer_Module__state__V)
                  20001420    0000000c     empty_pem4f.oem4f (.data:xdc_runtime_SysMin_Module__state__V)
                  2000142c    00000008     rtsv7M4_T_le_v4SPD16_eabi.lib : _lock.obj (.data:$O1$$)
                  20001434    00000008     empty_pem4f.oem4f (.data:ti_sysbios_gates_GateHwi_Module__root__V)
                  2000143c    00000008     empty_pem4f.oem4f (.data:ti_sysbios_gates_GateMutex_Module__root__V)
                  20001444    00000008     empty_pem4f.oem4f (.data:ti_sysbios_heaps_HeapMem_Module__root__V)
                  2000144c    00000008     empty_pem4f.oem4f (.data:ti_sysbios_knl_Queue_Module__root__V)
                  20001454    00000008     empty_pem4f.oem4f (.data:ti_sysbios_knl_Semaphore_Module__root__V)
                  2000145c    00000008     empty_pem4f.oem4f (.data:xdc_runtime_Registry_Module__state__V)
                  20001464    00000008     empty_pem4f.oem4f (.data:xdc_runtime_Startup_Module__state__V)
                  2000146c    00000008     empty_pem4f.oem4f (.data:xdc_runtime_System_Module_State_0_atexitHandlers__A)
                  20001474    00000008     empty_pem4f.oem4f (.data:xdc_runtime_System_Module__state__V)
                  2000147c    00000004     main.obj (.data)
                  20001480    00000004     rtsv7M4_T_le_v4SPD16_eabi.lib : stkdepth_vars.obj (.data)
                  20001484    00000004     empty_pem4f.oem4f (.data:ti_sysbios_family_arm_m3_Hwi_Module_State_0_excContext__A)
                  20001488    00000004     empty_pem4f.oem4f (.data:ti_sysbios_family_arm_m3_Hwi_Module_State_0_excStack__A)
                  2000148c    00000004     empty_pem4f.oem4f (.data:ti_sysbios_gates_GateHwi_Object__table__V)
                  20001490    00000004     empty_pem4f.oem4f (.data:ti_sysbios_knl_Task_Module_State_0_idleTask__A)
                  20001494    00000004     empty_pem4f.oem4f (.data:xdc_runtime_Memory_Module__state__V)
                  20001498    00000002     empty_pem4f.oem4f (.data:ti_sysbios_family_arm_m3_Hwi_Module_State_0_excActive__A)
                  2000149a    00000002     empty_pem4f.oem4f (.data:xdc_runtime_Error_Module__state__V)

.stack     0    2000149c    00000300     UNINITIALIZED
                  2000149c    00000300     --HOLE--

.bootVecs 
*          0    00000000    00000008     DSECT
                  00000000    00000008     boot.aem4f : boot.oem4f (.bootVecs)

xdc.meta   0    00000000    000000d3     COPY SECTION
                  00000000    000000d3     empty_pem4f.oem4f (xdc.meta)

MODULE SUMMARY

       Module                     code    ro data   rw data
       ------                     ----    -------   -------
    .\
       main.obj                   1252    0         8      
    +--+--------------------------+-------+---------+---------+
       Total:                     1252    0         8      
                                                           
    C:\ti\test_ws\Robot_Master\Debug\configPkg\package\cfg\
       empty_pem4f.oem4f          2742    7530      4948   
    +--+--------------------------+-------+---------+---------+
       Total:                     2742    7530      4948   
                                                           
    C:/ti/tirtos_tivac_2_16_01_14/products/TivaWare_C_Series-2.1.1.71b/driverlib/ccs/Debug/driverlib.lib
       sysctl.obj                 666     108       0      
       gpio.obj                   502     144       0      
       interrupt.obj              120     112       0      
       adc.obj                    198     0         0      
       uart.obj                   186     0         0      
       pwm.obj                    110     0         0      
       cpu.obj                    12      0         0      
    +--+--------------------------+-------+---------+---------+
       Total:                     1794    364       0      
                                                           
    C:\ti\ccsv6\tools\compiler\arm_15.12.3.LTS\lib\rtsv7M4_T_le_v4SPD16_eabi.lib
       trgdrv.obj                 804     0         8      
       trgmsg.obj                 104     0         288    
       memcpy_t2.obj              156     0         0      
       memset_t2.obj              122     0         0      
       copy_decompress_rle.obj    112     0         0      
       exit.obj                   84      0         12     
       cpy_tbl.obj                76      0         0      
       u_divt2.obj                64      0         0      
       _lock.obj                  20      0         8      
       args_main.obj              24      0         0      
       strcpy.obj                 20      0         0      
       strlen.obj                 20      0         0      
       copy_decompress_none.obj   14      0         0      
       stkdepth_vars.obj          0       0         4      
       i_div0.obj                 2       0         0      
    +--+--------------------------+-------+---------+---------+
       Total:                     1622    0         320    
                                                           
    C:\ti\test_ws\Robot_Master\src\sysbios\sysbios.aem4f
       BIOS.obj                   10092   0         0      
       m3_Hwi_asm.obj             314     0         0      
       m3_TaskSupport_asm.obj     180     0         0      
       m3_Hwi_asm_switch.obj      118     0         0      
    +--+--------------------------+-------+---------+---------+
       Total:                     10704   0         0      
                                                           
    C:\ti\tirtos_tivac_2_16_01_14\products\bios_6_45_02_31\packages\ti\catalog\arm\cortexm4\tiva\ce\lib\Boot.aem4f
       Boot_sysctl.oem4f          262     0         0      
       Boot.oem4f                 152     0         0      
    +--+--------------------------+-------+---------+---------+
       Total:                     414     0         0      
                                                           
    C:\ti\tirtos_tivac_2_16_01_14\products\bios_6_45_02_31\packages\ti\targets\arm\rtsarm\lib\auto_init.aem4f
       auto_init.oem4f            160     0         0      
    +--+--------------------------+-------+---------+---------+
       Total:                     160     0         0      
                                                           
    C:\ti\tirtos_tivac_2_16_01_14\products\bios_6_45_02_31\packages\ti\targets\arm\rtsarm\lib\boot.aem4f
       boot.oem4f                 88      0         0      
    +--+--------------------------+-------+---------+---------+
       Total:                     88      0         0      
                                                           
    C:\ti\tirtos_tivac_2_16_01_14\products\bios_6_45_02_31\packages\ti\targets\arm\rtsarm\lib\ti.targets.arm.rtsarm.aem4f
       System.oem4f               1255    0         0      
       Text.oem4f                 672     0         0      
       Error.oem4f                524     0         0      
       Core-mem.oem4f             358     0         0      
       Startup.oem4f              328     0         0      
       SysMin.oem4f               248     0         0      
       Core-smem.oem4f            204     0         0      
       Memory.oem4f               176     0         0      
       Assert.oem4f               84      0         0      
       Core-params.oem4f          70      0         0      
       Core-label.oem4f           52      0         0      
       Registry.oem4f             32      0         0      
       Gate.oem4f                 28      0         0      
    +--+--------------------------+-------+---------+---------+
       Total:                     4031    0         0      
                                                           
       Stack:                     0       0         768    
       Linker Generated:          0       816       0      
    +--+--------------------------+-------+---------+---------+
       Grand Total:               22807   8710      6044   


LINKER GENERATED COPY TABLES

__TI_cinit_table @ 00007bdc records: 3, size/record: 8, table size: 24
	.data: load addr=000078b8, load size=000002fa bytes, run addr=2000106c, run size=00000430 bytes, compression=rle
	.bss: load addr=00007bb8, load size=0000000b bytes, run addr=20000360, run size=00000d0c bytes, compression=rle
	.vecs: load addr=00007bc8, load size=0000000b bytes, run addr=20000000, run size=00000360 bytes, compression=rle


LINKER GENERATED HANDLER TABLE

__TI_handler_table @ 00007bd4 records: 2, size/record: 4, table size: 8
	index: 0, handler: __TI_decompress_rle24
	index: 1, handler: __TI_decompress_none


GLOBAL SYMBOLS: SORTED ALPHABETICALLY BY Name 

address   name                                                              
-------   ----                                                              
000046f9  ADCSequenceConfigure                                              
000057f1  ADCSequenceEnable                                                 
000034c5  ADCSequenceStepConfigure                                          
00003ec9  C$$EXIT                                                           
0000394f  C$$IO$$                                                           
00005847  CPUcpsie                                                          
00004de1  GPIODirModeSet                                                    
00001cfd  GPIOPadConfigSet                                                  
000041ed  GPIOPinConfigure                                                  
00005651  GPIOPinTypeADC                                                    
000054d3  GPIOPinTypeGPIOOutput                                             
00005663  GPIOPinTypePWM                                                    
00005675  GPIOPinTypeUART                                                   
00004533  GPIOPinWrite                                                      
00000a93  HOSTclock                                                         
00000a5b  HOSTclose                                                         
00000a1d  HOSTgetenv                                                        
000009c1  HOSTlseek                                                         
0000096f  HOSTopen                                                          
00000923  HOSTread                                                          
000008c5  HOSTrename                                                        
0000088b  HOSTtime                                                          
00000841  HOSTtime64                                                        
00000809  HOSTunlink                                                        
000007bd  HOSTwrite                                                         
000038b9  IntEnable                                                         
000056bd  IntMasterEnable                                                   
00005029  PWMGenConfigure                                                   
00005853  PWMGenEnable                                                      
000056cd  PWMGenPeriodSet                                                   
00005687  PWMOutputState                                                    
00005261  PWMPulseWidthSet                                                  
20001068  PWMload                                                           
UNDEFED   SHT$$INIT_ARRAY$$Base                                             
UNDEFED   SHT$$INIT_ARRAY$$Limit                                            
00002069  SysCtlClockGet                                                    
00002561  SysCtlClockSet                                                    
0000504b  SysCtlDelay                                                       
00005599  SysCtlPWMClockSet                                                 
000049f9  SysCtlPeripheralEnable                                            
00003f71  SysCtlPeripheralReset                                             
000057ff  UARTCharGetNonBlocking                                            
00005941  UARTCharPut                                                       
0000580d  UARTCharPutNonBlocking                                            
0000585f  UARTCharsAvail                                                    
000044b1  UARTConfigSetExpClk                                               
000052d9  UARTDisable                                                       
000055ad  UARTEnable                                                        
00000ff5  UARTIntClear                                                      
00005955  UARTIntEnable                                                     
0000594b  UARTIntStatus                                                     
00000000  __ASM__                                                           
20000ec0  __CIOBUF_                                                         
00000051  __ISA__                                                           
00000064  __PLAT__                                                          
2000179c  __STACK_END                                                       
00000300  __STACK_SIZE                                                      
00000085  __TARG__                                                          
00007bdc  __TI_CINIT_Base                                                   
00007bf4  __TI_CINIT_Limit                                                  
00007bd4  __TI_Handler_Table_Base                                           
00007bdc  __TI_Handler_Table_Limit                                          
00002da9  __TI_auto_init                                                    
20001408  __TI_cleanup_ptr                                                  
0000581b  __TI_decompress_none                                              
000059b9  __TI_decompress_rle24                                             
2000140c  __TI_dtors_ptr                                                    
20001410  __TI_enable_exit_profile_output                                   
ffffffff  __TI_pprof_out_hndl                                               
ffffffff  __TI_prof_data_size                                               
ffffffff  __TI_prof_data_start                                              
00003953  __TI_readmsg                                                      
000078b8  __TI_static_base__                                                
00003921  __TI_writemsg                                                     
000000ab  __TRDR__                                                          
000028c5  __aeabi_idiv0                                                     
0000353f  __aeabi_memclr                                                    
0000353f  __aeabi_memclr4                                                   
0000353f  __aeabi_memclr8                                                   
00002f89  __aeabi_memcpy                                                    
00002f89  __aeabi_memcpy4                                                   
00002f89  __aeabi_memcpy8                                                   
00003541  __aeabi_memset                                                    
00003541  __aeabi_memset4                                                   
00003541  __aeabi_memset8                                                   
000044f3  __aeabi_uidiv                                                     
000044f3  __aeabi_uidivmod                                                  
ffffffff  __binit__                                                         
ffffffff  __c_args__                                                        
2000149c  __stack                                                           
000054ed  _args_main                                                        
00003e19  _c_int00                                                          
2000142c  _lock                                                             
000055cf  _nop                                                              
000055c7  _register_lock                                                    
000055c1  _register_unlock                                                  
20001430  _unlock                                                           
00003ecd  abort                                                             
00002d09  adc_init                                                          
ffffffff  binit                                                             
00001bc5  cmd_lookup                                                        
000040b1  copy_in                                                           
2000147c  count                                                             
000056dd  delay                                                             
00003ed5  exit                                                              
000052f5  hw_init                                                           
000033b9  main                                                              
20001480  main_func_sp                                                      
00002f89  memcpy                                                            
00003547  memset                                                            
00004775  pwm_forward                                                       
00002985  pwm_init                                                          
00005311  pwm_start_motor                                                   
0000532d  pwm_stop                                                          
000055d5  strcpy                                                            
000055e9  strlen                                                            
000076f8  ti_catalog_arm_cortexm4_tiva_ce_Boot_A_mustUseEnhancedClockMode__C
000076fc  ti_catalog_arm_cortexm4_tiva_ce_Boot_Module__diagsEnabled__C      
00007700  ti_catalog_arm_cortexm4_tiva_ce_Boot_Module__diagsIncluded__C     
00007704  ti_catalog_arm_cortexm4_tiva_ce_Boot_Module__diagsMask__C         
00007894  ti_catalog_arm_cortexm4_tiva_ce_Boot_Module__id__C                
000056ad  ti_catalog_arm_cortexm4_tiva_ce_Boot_init__I                      
00002175  ti_catalog_arm_cortexm4_tiva_ce_Boot_sysCtlClockSetI__I           
00003201  ti_catalog_arm_cortexm4_tiva_ce_Boot_sysCtlClockSet__E            
000059bf  ti_catalog_arm_cortexm4_tiva_ce_Boot_sysCtlDelayI__I              
20001380  ti_sysbios_BIOS_Module__state__V                                  
0000586b  ti_sysbios_BIOS_RtsGateProxy_enter__E                             
000056ed  ti_sysbios_BIOS_RtsGateProxy_leave__E                             
00004ba5  ti_sysbios_BIOS_atExitFunc__I                                     
00004bd5  ti_sysbios_BIOS_errorRaiseHook__I                                 
00005581  ti_sysbios_BIOS_exitFunc__I                                       
00007708  ti_sysbios_BIOS_installedErrorHook__C                             
000028c7  ti_sysbios_BIOS_nullFunc__I                                       
00004f25  ti_sysbios_BIOS_registerRTSLock__I                                
00005141  ti_sysbios_BIOS_removeRTSLock__I                                  
00004c05  ti_sysbios_BIOS_rtsLock__I                                        
00002e49  ti_sysbios_BIOS_rtsUnlock__I                                      
00005701  ti_sysbios_BIOS_setThreadType__E                                  
00004f49  ti_sysbios_BIOS_startFunc__I                                      
200012f4  ti_sysbios_family_arm_lm4_Timer_Module_State_0_device__A          
200013c0  ti_sysbios_family_arm_lm4_Timer_Module_State_0_handles__A         
00005349  ti_sysbios_family_arm_lm4_Timer_Module__startupDone__F            
0000595d  ti_sysbios_family_arm_lm4_Timer_Module__startupDone__S            
20001414  ti_sysbios_family_arm_lm4_Timer_Module__state__V                  
000039f1  ti_sysbios_family_arm_lm4_Timer_Module_startup__E                 
20001248  ti_sysbios_family_arm_lm4_Timer_Object__table__V                  
0000770c  ti_sysbios_family_arm_lm4_Timer_enableFunc__C                     
00002c61  ti_sysbios_family_arm_lm4_Timer_enableTimers__I                   
00002bb1  ti_sysbios_family_arm_lm4_Timer_enableTiva__I                     
00005879  ti_sysbios_family_arm_lm4_Timer_getMaxTicks__E                    
00003b21  ti_sysbios_family_arm_lm4_Timer_isrStub__E                        
00005965  ti_sysbios_family_arm_lm4_Timer_masterDisable__I                  
0000145d  ti_sysbios_family_arm_lm4_Timer_masterEnable__I                   
00007710  ti_sysbios_family_arm_lm4_Timer_numTimerDevices__C                
00001e31  ti_sysbios_family_arm_lm4_Timer_start__E                          
00007714  ti_sysbios_family_arm_lm4_Timer_startupNeeded__C                  
00004539  ti_sysbios_family_arm_lm4_Timer_startup__E                        
00004c39  ti_sysbios_family_arm_lm4_Timer_stop__E                           
00005051  ti_sysbios_family_arm_lm4_Timer_write__I                          
00007718  ti_sysbios_family_arm_m3_Hwi_E_NMI__C                             
0000771c  ti_sysbios_family_arm_m3_Hwi_E_busFault__C                        
00007720  ti_sysbios_family_arm_m3_Hwi_E_debugMon__C                        
00007724  ti_sysbios_family_arm_m3_Hwi_E_hardFault__C                       
00007728  ti_sysbios_family_arm_m3_Hwi_E_memFault__C                        
0000772c  ti_sysbios_family_arm_m3_Hwi_E_noIsr__C                           
00007730  ti_sysbios_family_arm_m3_Hwi_E_reserved__C                        
00007734  ti_sysbios_family_arm_m3_Hwi_E_svCall__C                          
00007738  ti_sysbios_family_arm_m3_Hwi_E_usageFault__C                      
00005073  ti_sysbios_family_arm_m3_Hwi_Handle__label__S                     
20001498  ti_sysbios_family_arm_m3_Hwi_Module_State_0_excActive__A          
20001484  ti_sysbios_family_arm_m3_Hwi_Module_State_0_excContext__A         
20001488  ti_sysbios_family_arm_m3_Hwi_Module_State_0_excStack__A           
00007896  ti_sysbios_family_arm_m3_Hwi_Module__id__C                        
00005365  ti_sysbios_family_arm_m3_Hwi_Module__startupDone__F               
0000596d  ti_sysbios_family_arm_m3_Hwi_Module__startupDone__S               
200012c0  ti_sysbios_family_arm_m3_Hwi_Module__state__V                     
00003fc1  ti_sysbios_family_arm_m3_Hwi_Module_startup__E                    
0000773c  ti_sysbios_family_arm_m3_Hwi_NUM_INTERRUPTS__C                    
00007740  ti_sysbios_family_arm_m3_Hwi_Object__count__C                     
00004579  ti_sysbios_family_arm_m3_Hwi_Object__get__S                       
00007744  ti_sysbios_family_arm_m3_Hwi_Object__table__C                     
200013d8  ti_sysbios_family_arm_m3_Hwi_Object__table__V                     
00007748  ti_sysbios_family_arm_m3_Hwi_ccr__C                               
00004239  ti_sysbios_family_arm_m3_Hwi_disableInterrupt__E                  
00003a59  ti_sysbios_family_arm_m3_Hwi_dispatchC__I                         
[...]
0000580d  UARTCharPutNonBlocking                                            
0000581b  __TI_decompress_none                                              
00005829  ti_sysbios_knl_Idle_loop__E                                       
00005839  ti_sysbios_knl_Queue_empty__E                                     
00005847  CPUcpsie                                                          
00005853  PWMGenEnable                                                      
0000585f  UARTCharsAvail                                                    
0000586b  ti_sysbios_BIOS_RtsGateProxy_enter__E                             
00005879  ti_sysbios_family_arm_lm4_Timer_getMaxTicks__E                    
00005889  ti_sysbios_family_arm_m3_TaskSupport_checkStack__E                
00005899  ti_sysbios_gates_GateHwi_enter__E                                 
000058a5  ti_sysbios_heaps_HeapMem_Module_GateProxy_enter__E                
000058b1  ti_sysbios_heaps_HeapMem_Module_GateProxy_query__E                
000058bd  ti_sysbios_knl_Clock_TimerProxy_getMaxTicks__E                    
000058c9  ti_sysbios_knl_Queue_destruct                                     
000058d5  ti_sysbios_knl_Semaphore_destruct                                 
000058ed  xdc_runtime_Error_init__E                                         
000058f9  xdc_runtime_Gate_enterSystem__E                                   
00005905  xdc_runtime_Memory_calloc__E                                      
00005911  xdc_runtime_Memory_getMaxDefaultTypeAlign__E                      
0000591d  xdc_runtime_System_Module_GateProxy_enter__E                      
00005929  xdc_runtime_System_SupportProxy_abort__E                          
00005935  xdc_runtime_System_SupportProxy_exit__E                           
00005941  UARTCharPut                                                       
0000594b  UARTIntStatus                                                     
00005955  UARTIntEnable                                                     
0000595d  ti_sysbios_family_arm_lm4_Timer_Module__startupDone__S            
00005965  ti_sysbios_family_arm_lm4_Timer_masterDisable__I                  
0000596d  ti_sysbios_family_arm_m3_Hwi_Module__startupDone__S               
00005979  ti_sysbios_family_arm_m3_Hwi_doSwiRestore__I                      
00005981  ti_sysbios_family_arm_m3_Hwi_startup__E                           
00005989  ti_sysbios_hal_Hwi_HwiProxy_Module__startupDone__S                
00005991  ti_sysbios_hal_Hwi_HwiProxy_startup__E                            
00005991  ti_sysbios_hal_Hwi_startup__E                                     
00005999  ti_sysbios_hal_Hwi_HwiProxy_switchFromBootStack__E                
00005999  ti_sysbios_hal_Hwi_switchFromBootStack__E                         
000059a1  ti_sysbios_knl_Clock_TimerProxy_Module__startupDone__S            
000059a9  ti_sysbios_knl_Task_SupportProxy_Module__startupDone__S           
000059b1  xdc_runtime_System_SupportProxy_ready__E                          
000059b9  __TI_decompress_rle24                                             
000059bf  ti_catalog_arm_cortexm4_tiva_ce_Boot_sysCtlDelayI__I              
000059c9  ti_sysbios_family_arm_m3_Hwi_doTaskRestore__I                     
000059d1  ti_sysbios_gates_GateHwi_leave__E                                 
000059d9  ti_sysbios_heaps_HeapMem_isBlocking__E                            
000059e1  ti_sysbios_knl_Queue_Instance_init__E                             
000059e9  ti_sysbios_knl_Swi_startup__E                                     
000059ef  xdc_runtime_System_Module_startup__E                              
000059f9  ti_sysbios_gates_GateHwi_query__E                                 
00005a01  ti_sysbios_gates_GateMutex_query__E                               
00005a09  ti_sysbios_knl_Task_startup__E                                    
00005a11  ti_sysbios_gates_GateHwi_Instance_init__E                         
00005a19  ti_sysbios_knl_Clock_logTick__E                                   
00005a1c  xdc_runtime_Text_charTab__A                                       
00007283  xdc_runtime_Error_policy__C                                       
00007284  xdc_runtime_Text_nodeTab__A                                       
000074f4  ti_sysbios_heaps_HeapMem_Module__FXNS__C                          
0000751c  ti_sysbios_gates_GateHwi_Module__FXNS__C                          
00007540  ti_sysbios_gates_GateMutex_Module__FXNS__C                        
00007564  ti_sysbios_heaps_HeapMem_Object__PARAMS__C                        
00007588  ti_sysbios_knl_Semaphore_Object__PARAMS__C                        
000075ac  ti_sysbios_gates_GateHwi_Object__DESC__C                          
000075cc  ti_sysbios_gates_GateMutex_Object__DESC__C                        
000075ec  ti_sysbios_heaps_HeapMem_Object__DESC__C                          
0000760c  ti_sysbios_knl_Queue_Object__DESC__C                              
0000762c  ti_sysbios_knl_Semaphore_Object__DESC__C                          
0000764c  xdc_runtime_Startup_sfxnTab__A                                    
0000766c  ti_sysbios_gates_GateHwi_Object__PARAMS__C                        
00007684  ti_sysbios_gates_GateMutex_Object__PARAMS__C                      
0000769c  ti_sysbios_knl_Queue_Object__PARAMS__C                            
000076b4  xdc_runtime_Startup_firstFxns__A                                  
000076c8  xdc_runtime_Startup_sfxnRts__A                                    
000076d8  ti_sysbios_family_arm_m3_Hwi_excHookFuncs__A                      
000076e0  ti_sysbios_knl_Idle_funcList__C                                   
000076e8  xdc_runtime_Startup_firstFxns__C                                  
000076f0  xdc_runtime_Startup_lastFxns__C                                   
000076f8  ti_catalog_arm_cortexm4_tiva_ce_Boot_A_mustUseEnhancedClockMode__C
000076fc  ti_catalog_arm_cortexm4_tiva_ce_Boot_Module__diagsEnabled__C      
00007700  ti_catalog_arm_cortexm4_tiva_ce_Boot_Module__diagsIncluded__C     
00007704  ti_catalog_arm_cortexm4_tiva_ce_Boot_Module__diagsMask__C         
00007708  ti_sysbios_BIOS_installedErrorHook__C                             
0000770c  ti_sysbios_family_arm_lm4_Timer_enableFunc__C                     
00007710  ti_sysbios_family_arm_lm4_Timer_numTimerDevices__C                
00007714  ti_sysbios_family_arm_lm4_Timer_startupNeeded__C                  
00007718  ti_sysbios_family_arm_m3_Hwi_E_NMI__C                             
0000771c  ti_sysbios_family_arm_m3_Hwi_E_busFault__C                        
00007720  ti_sysbios_family_arm_m3_Hwi_E_debugMon__C                        
00007724  ti_sysbios_family_arm_m3_Hwi_E_hardFault__C                       
00007728  ti_sysbios_family_arm_m3_Hwi_E_memFault__C                        
0000772c  ti_sysbios_family_arm_m3_Hwi_E_noIsr__C                           
00007730  ti_sysbios_family_arm_m3_Hwi_E_reserved__C                        
00007734  ti_sysbios_family_arm_m3_Hwi_E_svCall__C                          
00007738  ti_sysbios_family_arm_m3_Hwi_E_usageFault__C                      
0000773c  ti_sysbios_family_arm_m3_Hwi_NUM_INTERRUPTS__C                    
00007740  ti_sysbios_family_arm_m3_Hwi_Object__count__C                     
00007744  ti_sysbios_family_arm_m3_Hwi_Object__table__C                     
00007748  ti_sysbios_family_arm_m3_Hwi_ccr__C                               
0000774c  ti_sysbios_family_arm_m3_Hwi_excHandlerFunc__C                    
00007750  ti_sysbios_family_arm_m3_Hwi_excHookFuncs__C                      
00007754  ti_sysbios_family_arm_m3_Hwi_nullIsrFunc__C                       
00007758  ti_sysbios_family_arm_m3_Hwi_priGroup__C                          
0000775c  ti_sysbios_gates_GateMutex_A_badContext__C                        
00007760  ti_sysbios_gates_GateMutex_Instance_State_sem__O                  
00007764  ti_sysbios_gates_GateMutex_Module__diagsEnabled__C                
00007768  ti_sysbios_gates_GateMutex_Module__diagsIncluded__C               
0000776c  ti_sysbios_gates_GateMutex_Module__diagsMask__C                   
00007770  ti_sysbios_hal_Hwi_E_stackOverflow__C                             
00007774  ti_sysbios_heaps_HeapMem_A_align__C                               
00007778  ti_sysbios_heaps_HeapMem_A_heapSize__C                            
0000777c  ti_sysbios_heaps_HeapMem_A_invalidFree__C                         
00007780  ti_sysbios_heaps_HeapMem_A_zeroBlock__C                           
00007784  ti_sysbios_heaps_HeapMem_E_memory__C                              
00007788  ti_sysbios_heaps_HeapMem_Module__diagsEnabled__C                  
0000778c  ti_sysbios_heaps_HeapMem_Module__diagsIncluded__C                 
00007790  ti_sysbios_heaps_HeapMem_Module__diagsMask__C                     
00007794  ti_sysbios_heaps_HeapMem_Module__gateObj__C                       
00007798  ti_sysbios_heaps_HeapMem_Object__count__C                         
0000779c  ti_sysbios_heaps_HeapMem_Object__table__C                         
000077a0  ti_sysbios_heaps_HeapMem_reqAlign__C                              
000077a4  ti_sysbios_knl_Clock_Module_State_clockQ__O                       
000077a8  ti_sysbios_knl_Idle_funcList__A                                   
000077ac  ti_sysbios_knl_Queue_Object__count__C                             
000077b0  ti_sysbios_knl_Queue_Object__table__C                             
000077b4  ti_sysbios_knl_Semaphore_A_badContext__C                          
000077b8  ti_sysbios_knl_Semaphore_A_noEvents__C                            
000077bc  ti_sysbios_knl_Semaphore_A_overflow__C                            
000077c0  ti_sysbios_knl_Semaphore_A_pendTaskDisabled__C                    
000077c4  ti_sysbios_knl_Semaphore_Instance_State_pendQ__O                  
000077c8  ti_sysbios_knl_Semaphore_Module__diagsEnabled__C                  
000077cc  ti_sysbios_knl_Semaphore_Module__diagsIncluded__C                 
000077d0  ti_sysbios_knl_Semaphore_Module__diagsMask__C                     
000077d4  ti_sysbios_knl_Swi_Object__count__C                               
000077d8  ti_sysbios_knl_Swi_Object__table__C                               
000077dc  ti_sysbios_knl_Task_E_spOutOfBounds__C                            
000077e0  ti_sysbios_knl_Task_E_stackOverflow__C                            
000077e4  ti_sysbios_knl_Task_Module_State_inactiveQ__O                     
000077e8  ti_sysbios_knl_Task_Object__count__C                              
000077ec  ti_sysbios_knl_Task_Object__table__C                              
000077f0  ti_sysbios_knl_Task_allBlockedFunc__C                             
000077f4  ti_sysbios_knl_Task_numConstructedTasks__C                        
000077f8  xdc_runtime_Assert_E_assertFailed__C                              
000077fc  xdc_runtime_Core_A_initializedParams__C                           
00007800  xdc_runtime_Core_Module__diagsEnabled__C                          
00007804  xdc_runtime_Core_Module__diagsIncluded__C                         
00007808  xdc_runtime_Core_Module__diagsMask__C                             
0000780c  xdc_runtime_Error_E_memory__C                                     
00007810  xdc_runtime_Error_Module__diagsEnabled__C                         
00007814  xdc_runtime_Error_Module__diagsIncluded__C                        
00007818  xdc_runtime_Error_Module__diagsMask__C                            
0000781c  xdc_runtime_Error_Module__loggerFxn8__C                           
00007820  xdc_runtime_Error_Module__loggerObj__C                            
00007824  xdc_runtime_Error_policyFxn__C                                    
00007828  xdc_runtime_Error_raiseHook__C                                    
0000782c  xdc_runtime_IGateProvider_Interface__BASE__C                      
00007830  xdc_runtime_IHeap_Interface__BASE__C                              
00007834  xdc_runtime_IModule_Interface__BASE__C                            
00007838  xdc_runtime_Log_L_error__C                                        
0000783c  xdc_runtime_Main_Module__diagsEnabled__C                          
00007840  xdc_runtime_Main_Module__diagsIncluded__C                         
00007844  xdc_runtime_Main_Module__diagsMask__C                             
00007848  xdc_runtime_Memory_defaultHeapInstance__C                         
0000784c  xdc_runtime_Startup_execImpl__C                                   
00007850  xdc_runtime_Startup_maxPasses__C                                  
00007854  xdc_runtime_Startup_sfxnRts__C                                    
00007858  xdc_runtime_Startup_sfxnTab__C                                    
0000785c  xdc_runtime_Startup_startModsFxn__C                               
00007860  xdc_runtime_SysMin_bufSize__C                                     
00007864  xdc_runtime_SysMin_outputFunc__C                                  
00007868  xdc_runtime_System_Module__gateObj__C                             
0000786c  xdc_runtime_System_abortFxn__C                                    
00007870  xdc_runtime_System_exitFxn__C                                     
00007874  xdc_runtime_System_extendFxn__C                                   
00007878  xdc_runtime_System_maxAtexitHandlers__C                           
0000787c  xdc_runtime_Text_charTab__C                                       
00007880  xdc_runtime_Text_nameEmpty__C                                     
00007884  xdc_runtime_Text_nameStatic__C                                    
00007888  xdc_runtime_Text_nameUnknown__C                                   
0000788c  xdc_runtime_Text_nodeTab__C                                       
00007890  xdc_runtime_Text_visitRopeFxn__C                                  
00007894  ti_catalog_arm_cortexm4_tiva_ce_Boot_Module__id__C                
00007896  ti_sysbios_family_arm_m3_Hwi_Module__id__C                        
00007898  ti_sysbios_gates_GateMutex_Module__id__C                          
0000789a  ti_sysbios_hal_Hwi_Module__id__C                                  
0000789c  ti_sysbios_heaps_HeapMem_Module__id__C                            
0000789e  ti_sysbios_knl_Semaphore_Module__id__C                            
000078a0  ti_sysbios_knl_Task_Module__id__C                                 
000078a2  xdc_runtime_Core_Module__id__C                                    
000078a4  xdc_runtime_Error_Module__loggerDefined__C                        
000078a6  xdc_runtime_Error_maxDepth__C                                     
000078a8  xdc_runtime_Main_Module__id__C                                    
000078aa  xdc_runtime_Memory_Module__id__C                                  
000078ac  xdc_runtime_SysMin_flushAtExit__C                                 
000078ae  xdc_runtime_Text_charCnt__C                                       
000078b0  xdc_runtime_Text_isLoaded__C                                      
000078b2  xdc_runtime_Text_registryModsLastId__C                            
000078b4  xdc_runtime_Text_unnamedModsLastId__C                             
000078b8  __TI_static_base__                                                
00007bd4  __TI_Handler_Table_Base                                           
00007bdc  __TI_CINIT_Base                                                   
00007bdc  __TI_Handler_Table_Limit                                          
00007bf4  __TI_CINIT_Limit                                                  
20000000  ti_sysbios_family_arm_m3_Hwi_ramVectors                           
20000360  ti_sysbios_knl_Task_Instance_State_0_stack__A                     
20000560  ti_sysbios_knl_Task_Instance_State_1_stack__A                     
20000760  ti_sysbios_heaps_HeapMem_Instance_State_0_buf__A                  
20000b60  ti_sysbios_family_arm_m3_Hwi_dispatchTable                        
20000ec0  __CIOBUF_                                                         
20000fe0  xdc_runtime_SysMin_Module_State_0_outbuf__A                       
20001068  PWMload                                                           
2000106c  ti_sysbios_knl_Task_Object__table__V                              
20001104  ti_sysbios_knl_Swi_Module_State_0_readyQ__A                       
20001184  ti_sysbios_knl_Task_Module_State_0_readyQ__A                      
20001204  ti_sysbios_knl_Task_Module__state__V                              
20001248  ti_sysbios_family_arm_lm4_Timer_Object__table__V                  
20001288  ti_sysbios_gates_GateMutex_Object__table__V                       
200012c0  ti_sysbios_family_arm_m3_Hwi_Module__state__V                     
200012f4  ti_sysbios_family_arm_lm4_Timer_Module_State_0_device__A          
20001324  ti_sysbios_knl_Swi_Object__table__V                               
20001354  ti_sysbios_knl_Clock_Module__state__V                             
20001380  ti_sysbios_BIOS_Module__state__V                                  
200013a4  ti_sysbios_knl_Swi_Module__state__V                               
200013c0  ti_sysbios_family_arm_lm4_Timer_Module_State_0_handles__A         
200013d8  ti_sysbios_family_arm_m3_Hwi_Object__table__V                     
200013f0  ti_sysbios_heaps_HeapMem_Object__table__V                         
20001408  __TI_cleanup_ptr                                                  
2000140c  __TI_dtors_ptr                                                    
20001410  __TI_enable_exit_profile_output                                   
20001414  ti_sysbios_family_arm_lm4_Timer_Module__state__V                  
20001420  xdc_runtime_SysMin_Module__state__V                               
2000142c  _lock                                                             
20001430  _unlock                                                           
20001434  ti_sysbios_gates_GateHwi_Module__root__V                          
2000143c  ti_sysbios_gates_GateMutex_Module__root__V                        
20001444  ti_sysbios_heaps_HeapMem_Module__root__V                          
2000144c  ti_sysbios_knl_Queue_Module__root__V                              
20001454  ti_sysbios_knl_Semaphore_Module__root__V                          
2000145c  xdc_runtime_Registry_Module__state__V                             
20001464  xdc_runtime_Startup_Module__state__V                              
2000146c  xdc_runtime_System_Module_State_0_atexitHandlers__A               
20001474  xdc_runtime_System_Module__state__V                               
2000147c  count                                                             
20001480  main_func_sp                                                      
20001484  ti_sysbios_family_arm_m3_Hwi_Module_State_0_excContext__A         
20001488  ti_sysbios_family_arm_m3_Hwi_Module_State_0_excStack__A           
2000148c  ti_sysbios_gates_GateHwi_Object__table__V                         
20001490  ti_sysbios_knl_Task_Module_State_0_idleTask__A                    
20001494  xdc_runtime_Memory_Module__state__V                               
20001498  ti_sysbios_family_arm_m3_Hwi_Module_State_0_excActive__A          
2000149a  xdc_runtime_Error_Module__state__V                                
2000149c  __stack                                                           
2000179c  __STACK_END                                                       
e000e000  ti_sysbios_family_arm_m3_Hwi_nvic                                 
ffffffff  __TI_pprof_out_hndl                                               
ffffffff  __TI_prof_data_size                                               
ffffffff  __TI_prof_data_start                                              
ffffffff  __binit__                                                         
ffffffff  __c_args__                                                        
ffffffff  binit                                                             
UNDEFED   SHT$$INIT_ARRAY$$Base                                             
UNDEFED   SHT$$INIT_ARRAY$$Limit                                            

[535 symbols]
