******************************************************************************
                  TI ARM Linker PC v15.12.3                    
******************************************************************************
>> Linked Thu Oct 14 18:48:07 2021

OUTPUT FILE NAME:   <Robot_Master.out>
ENTRY POINT SYMBOL: "_c_int00"  address: 00003d61


MEMORY CONFIGURATION

         name            origin    length      used     unused   attr    fill
----------------------  --------  ---------  --------  --------  ----  --------
  FLASH                 00000000   00040000  00007ab4  0003854c  R  X
  SRAM                  20000000   00008000  0000179c  00006864  RW X


SEGMENT ALLOCATION MAP

run origin  load origin   length   init length attrs members
----------  ----------- ---------- ----------- ----- -------
00000000    00000000    00007abc   00007abc    r-x
  00000000    00000000    0000003c   0000003c    r-- .resetVecs
  00000040    00000040    000058a2   000058a2    r-x .text
  000058e4    000058e4    00001e9a   00001e9a    r-- .const
  00007780    00007780    0000033c   0000033c    r-- .cinit
20000000    20000000    0000179c   00000000    rw-
  20000000    20000000    00000360   00000000    rw- .vecs
  20000360    20000360    00000d0c   00000000    rw- .bss
  2000106c    2000106c    00000430   00000000    rw- .data
  2000149c    2000149c    00000300   00000000    rw- .stack


SECTION ALLOCATION MAP

 output                                  attributes/
section   page    origin      length       input sections
--------  ----  ----------  ----------   ----------------
.text      0    00000040    000058a2     
                  00000040    00000430     sysbios.aem4f : BIOS.obj (.text:ti_sysbios_family_arm_m3_Hwi_excDumpRegs__I)
                  00000470    0000034c     ti.targets.arm.rtsarm.aem4f : System.oem4f (.text:xdc_runtime_System_doPrint__I)
                  000007bc    00000324     rtsv7M4_T_le_v4SPD16_eabi.lib : trgdrv.obj (.text)
                  00000ae0    000002c0     sysbios.aem4f : BIOS.obj (.text:ti_sysbios_knl_Semaphore_pend__E)
                  00000da0    00000254                   : BIOS.obj (.text:ti_sysbios_heaps_HeapMem_free__E)
                  00000ff4    00000004     driverlib.lib : uart.obj (.text:UARTIntClear)
                  00000ff8    00000248     sysbios.aem4f : BIOS.obj (.text:ti_sysbios_heaps_HeapMem_alloc__E)
                  00001240    0000021c     empty_pem4f.oem4f (.text:xdc_runtime_System_printfExtend__I)
                  0000145c    00000004     sysbios.aem4f : BIOS.obj (.text:ti_sysbios_family_arm_lm4_Timer_masterEnable__I)
                  00001460    000001fc                   : BIOS.obj (.text:ti_sysbios_family_arm_m3_Hwi_excHandlerMax__I)
                  0000165c    00000004     empty_pem4f.oem4f (.text:ti_sysbios_family_arm_m3_TaskSupport_Module__startupDone__S)
                  00001660    00000174     sysbios.aem4f : BIOS.obj (.text:ti_sysbios_family_arm_m3_Hwi_excBusFault__I)
                  000017d4    00000004     ti.targets.arm.rtsarm.aem4f : Error.oem4f (.text:xdc_runtime_Error_getSite__E)
                  000017d8    00000164     sysbios.aem4f : BIOS.obj (.text:ti_sysbios_family_arm_m3_Hwi_excUsageFault__I)
                  0000193c    00000004     ti.targets.arm.rtsarm.aem4f : System.oem4f (.text:xdc_runtime_System_aprintf_va__F)
                  00001940    00000148     sysbios.aem4f : BIOS.obj (.text:ti_sysbios_family_arm_m3_Hwi_excMemFault__I)
                  00001a88    0000013c                   : BIOS.obj (.text:ti_sysbios_heaps_HeapMem_Instance_init__E)
                  00001bc4    00000138     main.obj (.text:cmd_lookup)
                  00001cfc    00000130     driverlib.lib : gpio.obj (.text:GPIOPadConfigSet)
                  00001e2c    00000004     ti.targets.arm.rtsarm.aem4f : System.oem4f (.text:xdc_runtime_System_printf_va__F)
                  00001e30    00000120     sysbios.aem4f : BIOS.obj (.text:ti_sysbios_family_arm_lm4_Timer_start__E)
                  00001f50    00000118     ti.targets.arm.rtsarm.aem4f : Error.oem4f (.text:xdc_runtime_Error_policyDefault__E)
                  00002068    0000010c     driverlib.lib : sysctl.obj (.text:SysCtlClockGet)
                  00002174    00000100     Boot.aem4f : Boot_sysctl.oem4f (.text:ti_catalog_arm_cortexm4_tiva_ce_Boot_sysCtlClockSetI__I)
                  00002274    00000100     ti.targets.arm.rtsarm.aem4f : Core-mem.oem4f (.text:xdc_runtime_Core_createObject__I)
                  00002374    000000f8                                 : Startup.oem4f (.text:xdc_runtime_Startup_startMods__I)
                  0000246c    000000f4     sysbios.aem4f : m3_Hwi_asm.obj (.text:ti_sysbios_family_arm_m3_Hwi_dispatch__I)
                  00002560    000000f0     driverlib.lib : sysctl.obj (.text:SysCtlClockSet)
                  00002650    000000ec     sysbios.aem4f : BIOS.obj (.text:ti_sysbios_knl_Semaphore_post__E)
                  0000273c    000000cc     ti.targets.arm.rtsarm.aem4f : Core-smem.oem4f (.text:xdc_runtime_Core_constructObject__I)
                  00002808    000000bc     sysbios.aem4f : BIOS.obj (.text:ti_sysbios_family_arm_m3_Hwi_excDebugMon__I)
                  000028c4    00000002     rtsv7M4_T_le_v4SPD16_eabi.lib : i_div0.obj (.text)
                  000028c6    00000002     empty_pem4f.oem4f (.text:ti_sysbios_BIOS_nullFunc__I)
                  000028c8    000000bc     sysbios.aem4f : BIOS.obj (.text:ti_sysbios_family_arm_m3_Hwi_excHardFault__I)
                  00002984    00000002     empty_pem4f.oem4f (.text:xdc_runtime_Startup_reset__I)
                  00002986    00000002     --HOLE-- [fill = 0]
                  00002988    000000b4     sysbios.aem4f : BIOS.obj (.text:ti_sysbios_gates_GateMutex_enter__E)
                  00002a3c    00000004     --HOLE-- [fill = 0]
                  00002a40    000000b4                   : BIOS.obj (.text:ti_sysbios_knl_Task_checkStacks__E)
                  00002af4    00000004     --HOLE-- [fill = 0]
                  00002af8    000000ac                   : BIOS.obj (.text:ti_sysbios_family_arm_lm4_Timer_enableTiva__I)
                  00002ba4    00000004     --HOLE-- [fill = 0]
                  00002ba8    000000a8                   : BIOS.obj (.text:ti_sysbios_family_arm_lm4_Timer_enableTimers__I)
                  00002c50    000000a0     main.obj (.text:adc_init)
                  00002cf0    000000a0     auto_init.aem4f : auto_init.oem4f (.text)
                  00002d90    000000a0     empty_pem4f.oem4f (.text:ti_sysbios_BIOS_rtsUnlock__I)
                  00002e30    000000a0     ti.targets.arm.rtsarm.aem4f : Text.oem4f (.text:xdc_runtime_Text_putMod__E)
                  00002ed0    0000009c     rtsv7M4_T_le_v4SPD16_eabi.lib : memcpy_t2.obj (.text)
                  00002f6c    00000004     --HOLE-- [fill = 0]
                  00002f70    0000009c     sysbios.aem4f : BIOS.obj (.text:ti_sysbios_knl_Semaphore_Instance_init__E)
                  0000300c    00000004     --HOLE-- [fill = 0]
                  00003010    0000009c                   : BIOS.obj (.text:ti_sysbios_knl_Task_postInit__I)
                  000030ac    0000009a     ti.targets.arm.rtsarm.aem4f : Text.oem4f (.text:xdc_runtime_Text_putSite__E)
                  00003146    00000002     --HOLE-- [fill = 0]
                  00003148    00000098     Boot.aem4f : Boot.oem4f (.text:ti_catalog_arm_cortexm4_tiva_ce_Boot_sysCtlClockSet__E)
                  000031e0    00000094     sysbios.aem4f : BIOS.obj (.text:ti_sysbios_family_arm_m3_Hwi_initNVIC__E)
                  00003274    0000008c                   : m3_TaskSupport_asm.obj (.text:ti_sysbios_family_arm_m3_TaskSupport_buildTaskStack)
                  00003300    00000084     main.obj (.text:main)
                  00003384    00000004     --HOLE-- [fill = 0]
                  00003388    00000084     sysbios.aem4f : BIOS.obj (.text:ti_sysbios_family_arm_m3_Hwi_postInit__I)
                  0000340c    0000007a     driverlib.lib : adc.obj (.text:ADCSequenceStepConfigure)
                  00003486    0000007a     rtsv7M4_T_le_v4SPD16_eabi.lib : memset_t2.obj (.text)
                  00003500    0000006d     ti.targets.arm.rtsarm.aem4f : System.oem4f (.text:xdc_runtime_System_formatNum__I)
                  0000356d    00000003     --HOLE-- [fill = 0]
                  00003570    0000006c     sysbios.aem4f : BIOS.obj (.text:ti_sysbios_knl_Clock_workFunc__E)
                  000035dc    00000004     --HOLE-- [fill = 0]
                  000035e0    0000006c                   : BIOS.obj (.text:ti_sysbios_knl_Swi_restoreHwi__E)
                  0000364c    00000004     --HOLE-- [fill = 0]
                  00003650    0000006c                   : BIOS.obj (.text:ti_sysbios_knl_Task_exit__E)
                  000036bc    0000006c     ti.targets.arm.rtsarm.aem4f : Error.oem4f (.text:xdc_runtime_Error_print__E)
                  00003728    0000006c                                 : Memory.oem4f (.text:xdc_runtime_Memory_alloc__E)
                  00003794    0000006a     rtsv7M4_T_le_v4SPD16_eabi.lib : copy_decompress_rle.obj (.text)
                  000037fe    00000002     --HOLE-- [fill = 0]
                  00003800    00000068     driverlib.lib : interrupt.obj (.text:IntEnable)
                  00003868    00000068     rtsv7M4_T_le_v4SPD16_eabi.lib : trgmsg.obj (.text)
                  000038d0    00000066     ti.targets.arm.rtsarm.aem4f : Core-mem.oem4f (.text:xdc_runtime_Core_deleteObject__I)
                  00003936    00000002     --HOLE-- [fill = 0]
                  00003938    00000064     sysbios.aem4f : BIOS.obj (.text:ti_sysbios_family_arm_lm4_Timer_Module_startup__E)
                  0000399c    00000004     --HOLE-- [fill = 0]
                  000039a0    00000064                   : BIOS.obj (.text:ti_sysbios_family_arm_m3_Hwi_dispatchC__I)
                  00003a04    00000064     main.obj (.text:uart_read)
                  00003a68    00000060     sysbios.aem4f : BIOS.obj (.text:ti_sysbios_family_arm_lm4_Timer_isrStub__E)
                  00003ac8    00000060                   : BIOS.obj (.text:ti_sysbios_knl_Task_schedule__I)
                  00003b28    00000060     main.obj (.text:uart_init)
                  00003b88    0000005c     sysbios.aem4f : BIOS.obj (.text:ti_sysbios_knl_Swi_run__I)
                  00003be4    00000004     --HOLE-- [fill = 0]
                  00003be8    0000005c                   : BIOS.obj (.text:ti_sysbios_knl_Swi_schedule__I)
                  00003c44    00000004     --HOLE-- [fill = 0]
                  00003c48    0000005c                   : BIOS.obj (.text:ti_sysbios_knl_Task_Module_startup__E)
                  00003ca4    00000004     --HOLE-- [fill = 0]
                  00003ca8    0000005c                   : BIOS.obj (.text:ti_sysbios_knl_Task_startCore__E)
                  00003d04    0000005b     ti.targets.arm.rtsarm.aem4f : Text.oem4f (.text:xdc_runtime_Text_putLab__E)
                  00003d5f    00000001     --HOLE-- [fill = 0]
                  00003d60    00000058     boot.aem4f : boot.oem4f (.text)
                  00003db8    00000058     sysbios.aem4f : m3_Hwi_asm_switch.obj (.text:ti_sysbios_family_arm_m3_Hwi_initStacks__E)
                  00003e10    00000054     rtsv7M4_T_le_v4SPD16_eabi.lib : exit.obj (.text)
                  00003e64    00000054     ti.targets.arm.rtsarm.aem4f : Assert.oem4f (.text:xdc_runtime_Assert_raise__I)
                  00003eb8    00000050     driverlib.lib : sysctl.obj (.text:SysCtlPeripheralReset)
                  00003f08    00000050     sysbios.aem4f : BIOS.obj (.text:ti_sysbios_family_arm_m3_Hwi_Module_startup__E)
                  00003f58    00000050     ti.targets.arm.rtsarm.aem4f : Startup.oem4f (.text:xdc_runtime_Startup_exec__E)
                  00003fa8    00000050                                 : Text.oem4f (.text:xdc_runtime_Text_visitRope2__I)
                  00003ff8    0000004c     rtsv7M4_T_le_v4SPD16_eabi.lib : cpy_tbl.obj (.text)
                  00004044    00000004     --HOLE-- [fill = 0]
                  00004048    0000004c     sysbios.aem4f : BIOS.obj (.text:ti_sysbios_heaps_HeapMem_getStats__E)
                  00004094    00000004     --HOLE-- [fill = 0]
                  00004098    0000004c                   : BIOS.obj (.text:ti_sysbios_knl_Swi_runLoop__I)
                  000040e4    00000004     --HOLE-- [fill = 0]
                  000040e8    0000004c                   : BIOS.obj (.text:ti_sysbios_knl_Task_allBlockedFunction__I)
                  00004134    00000048     driverlib.lib : gpio.obj (.text:GPIOPinConfigure)
                  0000417c    00000004     --HOLE-- [fill = 0]
                  00004180    00000048     sysbios.aem4f : BIOS.obj (.text:ti_sysbios_family_arm_m3_Hwi_disableInterrupt__E)
                  000041c8    00000048                   : BIOS.obj (.text:ti_sysbios_family_arm_m3_Hwi_enableInterrupt__E)
                  00004210    00000048                   : BIOS.obj (.text:ti_sysbios_family_arm_m3_Hwi_excReserved__I)
                  00004258    00000046     ti.targets.arm.rtsarm.aem4f : Core-params.oem4f (.text:xdc_runtime_Core_assignParams__I)
                  0000429e    00000002     --HOLE-- [fill = 0]
                  000042a0    00000044     sysbios.aem4f : BIOS.obj (.text:ti_sysbios_family_arm_m3_Hwi_getStackInfo__E)
                  000042e4    00000004     --HOLE-- [fill = 0]
                  000042e8    00000044                   : BIOS.obj (.text:ti_sysbios_knl_Swi_post__E)
                  0000432c    00000044     ti.targets.arm.rtsarm.aem4f : Error.oem4f (.text:xdc_runtime_Error_setX__E)
                  00004370    00000044                                 : SysMin.oem4f (.text:xdc_runtime_SysMin_flush__E)
                  000043b4    00000044                                 : Text.oem4f (.text:xdc_runtime_Text_xprintf__I)
                  000043f8    00000042     driverlib.lib : uart.obj (.text:UARTConfigSetExpClk)
                  0000443a    00000040     rtsv7M4_T_le_v4SPD16_eabi.lib : u_divt2.obj (.text)
                  0000447a    00000006     driverlib.lib : gpio.obj (.text:GPIOPinWrite)
                  00004480    00000040     sysbios.aem4f : BIOS.obj (.text:ti_sysbios_family_arm_lm4_Timer_startup__E)
                  000044c0    00000040     empty_pem4f.oem4f (.text:ti_sysbios_family_arm_m3_Hwi_Object__get__S)
                  00004500    00000040     empty_pem4f.oem4f (.text:ti_sysbios_gates_GateHwi_Object__create__S)
                  00004540    00000040     empty_pem4f.oem4f (.text:ti_sysbios_gates_GateMutex_Object__create__S)
                  00004580    00000040     empty_pem4f.oem4f (.text:ti_sysbios_heaps_HeapMem_Object__create__S)
                  000045c0    00000040     empty_pem4f.oem4f (.text:ti_sysbios_heaps_HeapMem_Object__get__S)
                  00004600    00000040     empty_pem4f.oem4f (.text:ti_sysbios_knl_Swi_Object__get__S)
                  00004640    0000003e     driverlib.lib : adc.obj (.text:ADCSequenceConfigure)
                  0000467e    0000003e     empty_pem4f.oem4f (.text:xdc_runtime_SysMin_output__I)
                  000046bc    0000003c     main.obj (.text:pwm_forward)
                  000046f8    0000003c     sysbios.aem4f : BIOS.obj (.text:ti_sysbios_family_arm_m3_Hwi_excSvCall__I)
                  00004734    00000004     --HOLE-- [fill = 0]
                  00004738    0000003c                   : BIOS.obj (.text:ti_sysbios_heaps_HeapMem_init__I)
                  00004774    00000004     --HOLE-- [fill = 0]
                  00004778    0000003c                   : BIOS.obj (.text:ti_sysbios_knl_Swi_restore__E)
                  000047b4    0000003c     empty_pem4f.oem4f (.text:ti_sysbios_knl_Task_Object__get__S)
                  000047f0    00000038     sysbios.aem4f : BIOS.obj (.text:ti_sysbios_family_arm_m3_Hwi_excNoIsr__I)
                  00004828    00000038     empty_pem4f.oem4f (.text:ti_sysbios_knl_Clock_doTick__I)
                  00004860    00000038     empty_pem4f.oem4f (.text:ti_sysbios_knl_Queue_Object__get__S)
                  00004898    00000038     sysbios.aem4f : BIOS.obj (.text:ti_sysbios_knl_Task_processVitalTaskFlag__I)
                  000048d0    00000038     ti.targets.arm.rtsarm.aem4f : SysMin.oem4f (.text:xdc_runtime_SysMin_putch__E)
                  00004908    00000038                                 : System.oem4f (.text:xdc_runtime_System_atexit__E)
                  00004940    00000034     driverlib.lib : sysctl.obj (.text:SysCtlPeripheralEnable)
                  00004974    00000004     --HOLE-- [fill = 0]
                  00004978    00000034     sysbios.aem4f : BIOS.obj (.text:ti_sysbios_family_arm_m3_Hwi_excNmi__I)
                  000049ac    00000004     --HOLE-- [fill = 0]
                  000049b0    00000034                   : BIOS.obj (.text:ti_sysbios_hal_Hwi_checkStack)
                  000049e4    00000034     empty_pem4f.oem4f (.text:ti_sysbios_knl_Semaphore_construct)
                  00004a18    00000034     main.obj (.text:uart_print)
                  00004a4c    00000034     ti.targets.arm.rtsarm.aem4f : Core-label.oem4f (.text:xdc_runtime_Core_assignLabel__I)
                  00004a80    00000033                                 : Text.oem4f (.text:xdc_runtime_Text_printVisFxn__I)
                  00004ab3    00000005     --HOLE-- [fill = 0]
                  00004ab8    00000032     sysbios.aem4f : BIOS.obj (.text:ti_sysbios_hal_Hwi_initStack)
                  00004aea    00000002     --HOLE-- [fill = 0]
                  00004aec    00000030     empty_pem4f.oem4f (.text:ti_sysbios_BIOS_atExitFunc__I)
                  00004b1c    00000030     empty_pem4f.oem4f (.text:ti_sysbios_BIOS_errorRaiseHook__I)
                  00004b4c    00000030     empty_pem4f.oem4f (.text:ti_sysbios_BIOS_rtsLock__I)
                  00004b7c    00000004     --HOLE-- [fill = 0]
                  00004b80    00000030     sysbios.aem4f : BIOS.obj (.text:ti_sysbios_family_arm_lm4_Timer_stop__E)
                  00004bb0    00000030                   : BIOS.obj (.text:ti_sysbios_family_arm_m3_TaskSupport_start__E)
                  00004be0    00000030     empty_pem4f.oem4f (.text:ti_sysbios_knl_Queue_construct)
                  00004c10    00000030     sysbios.aem4f : BIOS.obj (.text:ti_sysbios_knl_Semaphore_pendTimeout__I)
                  00004c40    00000030                   : BIOS.obj (.text:ti_sysbios_knl_Task_unblockI__E)
                  00004c70    00000030     ti.targets.arm.rtsarm.aem4f : SysMin.oem4f (.text:xdc_runtime_SysMin_abort__E)
                  00004ca0    00000030                                 : System.oem4f (.text:xdc_runtime_System_processAtExit__E)
                  00004cd0    0000002c     sysbios.aem4f : BIOS.obj (.text:ti_sysbios_knl_Task_restore__E)
                  00004cfc    0000002c     ti.targets.arm.rtsarm.aem4f : Text.oem4f (.text:xdc_runtime_Text_cordText__E)
                  00004d28    0000002a     driverlib.lib : gpio.obj (.text:GPIODirModeSet)
                  00004d52    0000002a     ti.targets.arm.rtsarm.aem4f : System.oem4f (.text:xdc_runtime_System_putchar__I)
                  00004d7c    00000028     empty_pem4f.oem4f (.text:ti_sysbios_gates_GateMutex_Object__delete__S)
                  00004da4    00000004     --HOLE-- [fill = 0]
                  00004da8    00000028     sysbios.aem4f : BIOS.obj (.text:ti_sysbios_knl_Swi_Module_startup__E)
                  00004dd0    00000028     empty_pem4f.oem4f (.text:xdc_runtime_System_aprintf__E)
                  00004df8    00000028     empty_pem4f.oem4f (.text:xdc_runtime_System_printf__E)
                  00004e20    00000026     sysbios.aem4f : m3_Hwi_asm.obj (.text:ti_sysbios_family_arm_m3_Hwi_pendSV__I)
                  00004e46    00000026     ti.targets.arm.rtsarm.aem4f : System.oem4f (.text:xdc_runtime_System_avprintf__E)
                  00004e6c    00000024     empty_pem4f.oem4f (.text:ti_sysbios_BIOS_registerRTSLock__I)
                  00004e90    00000024     empty_pem4f.oem4f (.text:ti_sysbios_BIOS_startFunc__I)
                  00004eb4    00000024     empty_pem4f.oem4f (.text:ti_sysbios_gates_GateHwi_Object__delete__S)
                  00004ed8    00000024     empty_pem4f.oem4f (.text:ti_sysbios_heaps_HeapMem_Object__delete__S)
                  00004efc    00000004     --HOLE-- [fill = 0]
                  00004f00    00000024     sysbios.aem4f : BIOS.obj (.text:ti_sysbios_knl_Clock_Module_startup__E)
                  00004f24    00000004     --HOLE-- [fill = 0]
                  00004f28    00000024                   : BIOS.obj (.text:ti_sysbios_knl_Task_restoreHwi__E)
                  00004f4c    00000024     ti.targets.arm.rtsarm.aem4f : System.oem4f (.text:xdc_runtime_System_vprintf__E)
                  00004f70    00000022     sysbios.aem4f : BIOS.obj (.text:ti_sysbios_family_arm_lm4_Timer_write__I)
                  00004f92    00000022     empty_pem4f.oem4f (.text:ti_sysbios_family_arm_m3_Hwi_Handle__label__S)
                  00004fb4    00000022     empty_pem4f.oem4f (.text:ti_sysbios_gates_GateHwi_Handle__label__S)
                  00004fd6    00000022     empty_pem4f.oem4f (.text:ti_sysbios_gates_GateMutex_Handle__label__S)
                  00004ff8    00000022     empty_pem4f.oem4f (.text:ti_sysbios_heaps_HeapMem_Handle__label__S)
                  0000501a    00000022     empty_pem4f.oem4f (.text:ti_sysbios_knl_Swi_Handle__label__S)
                  0000503c    00000022     empty_pem4f.oem4f (.text:ti_sysbios_knl_Task_Handle__label__S)
                  0000505e    00000002     --HOLE-- [fill = 0]
                  00005060    00000020     empty_pem4f.oem4f (.text:ti_sysbios_BIOS_removeRTSLock__I)
                  00005080    00000020     sysbios.aem4f : m3_Hwi_asm.obj (.text:ti_sysbios_family_arm_m3_Hwi_excHandlerAsm__I)
                  000050a0    00000020                   : BIOS.obj (.text:ti_sysbios_family_arm_m3_Hwi_excHandler__I)
                  000050c0    00000020                   : BIOS.obj (.text:ti_sysbios_knl_Idle_run__E)
                  000050e0    00000020     empty_pem4f.oem4f (.text:ti_sysbios_knl_Semaphore_Object__destruct__S)
                  00005100    00000020     empty_pem4f.oem4f (.text:xdc_runtime_IHeap_alloc)
                  00005120    00000020     ti.targets.arm.rtsarm.aem4f : Registry.oem4f (.text:xdc_runtime_Registry_findById__E)
                  00005140    00000020                                 : SysMin.oem4f (.text:xdc_runtime_SysMin_Module_startup__E)
                  00005160    00000020     empty_pem4f.oem4f (.text:xdc_runtime_Text_visitRope__I)
                  00005180    0000001e     driverlib.lib : pwm.obj (.text:PWMPulseWidthSet)
                  0000519e    0000001e     sysbios.aem4f : m3_Hwi_asm_switch.obj (.text:ti_sysbios_family_xxx_Hwi_switchAndRunFunc)
                  000051bc    0000001e     empty_pem4f.oem4f (.text:ti_sysbios_knl_Task_SupportProxy_start__E)
                  000051da    0000001e     empty_pem4f.oem4f (.text:xdc_runtime_Memory_HeapProxy_alloc__E)
                  000051f8    0000001c     driverlib.lib : uart.obj (.text:UARTDisable)
                  00005214    0000001c     main.obj (.text:pwm_start_motor)
                  00005230    0000001c     main.obj (.text:pwm_stop)
                  0000524c    0000001c     empty_pem4f.oem4f (.text:ti_sysbios_family_arm_lm4_Timer_Module__startupDone__F)
                  00005268    0000001c     empty_pem4f.oem4f (.text:ti_sysbios_family_arm_m3_Hwi_Module__startupDone__F)
                  00005284    00000004     --HOLE-- [fill = 0]
                  00005288    0000001c     sysbios.aem4f : BIOS.obj (.text:ti_sysbios_gates_GateMutex_Instance_init__E)
                  000052a4    0000001c     empty_pem4f.oem4f (.text:ti_sysbios_knl_Queue_Object__destruct__S)
                  000052c0    0000001c     sysbios.aem4f : BIOS.obj (.text:ti_sysbios_knl_Queue_put__E)
                  000052dc    00000004     --HOLE-- [fill = 0]
                  000052e0    0000001c                   : BIOS.obj (.text:ti_sysbios_knl_Task_enter__I)
                  000052fc    0000001c     main.obj (.text:uart_cmd_start)
                  00005318    0000001c     main.obj (.text:uart_int_handler)
                  00005334    0000001c     ti.targets.arm.rtsarm.aem4f : Error.oem4f (.text:xdc_runtime_Error_raiseX__E)
                  00005350    0000001c                                 : Memory.oem4f (.text:xdc_runtime_Memory_valloc__E)
                  0000536c    0000001c     empty_pem4f.oem4f (.text:xdc_runtime_Startup_exec__I)
                  00005388    0000001c     ti.targets.arm.rtsarm.aem4f : SysMin.oem4f (.text:xdc_runtime_SysMin_exit__E)
                  000053a4    0000001c                                 : System.oem4f (.text:xdc_runtime_System_abort__E)
                  000053c0    0000001a     empty_pem4f.oem4f (.text:xdc_runtime_IHeap_free)
                  000053da    00000002     --HOLE-- [fill = 0]
                  000053dc    00000018     main.obj (.text:hw_init)
                  000053f4    00000018     rtsv7M4_T_le_v4SPD16_eabi.lib : args_main.obj (.text)
                  0000540c    00000018     sysbios.aem4f : m3_TaskSupport_asm.obj (.text:ti_sysbios_family_arm_m3_TaskSupport_swap__E)
                  00005424    00000004     --HOLE-- [fill = 0]
                  00005428    00000018                   : BIOS.obj (.text:ti_sysbios_gates_GateMutex_leave__E)
                  00005440    00000018     ti.targets.arm.rtsarm.aem4f : Error.oem4f (.text:xdc_runtime_Error_check__E)
                  00005458    00000018                                 : System.oem4f (.text:xdc_runtime_System_exit__E)
                  00005470    00000018                                 : Text.oem4f (.text:xdc_runtime_Text_ropeText__E)
                  00005488    00000016     empty_pem4f.oem4f (.text:ti_sysbios_BIOS_exitFunc__I)
                  0000549e    00000014     driverlib.lib : uart.obj (.text:UARTEnable)
                  000054b2    00000002     --HOLE-- [fill = 0]
                  000054b4    00000014     rtsv7M4_T_le_v4SPD16_eabi.lib : _lock.obj (.text)
                  000054c8    00000014                                   : strcpy.obj (.text)
                  000054dc    00000014                                   : strlen.obj (.text)
                  000054f0    00000014     sysbios.aem4f : BIOS.obj (.text:ti_sysbios_family_arm_m3_Hwi_switchFromBootStack__E)
                  00005504    00000014     empty_pem4f.oem4f (.text:ti_sysbios_hal_Hwi_HwiProxy_getStackInfo__E)
                  00005518    00000014     empty_pem4f.oem4f (.text:ti_sysbios_knl_Clock_Module_State_clockQ)
                  0000552c    00000014     empty_pem4f.oem4f (.text:xdc_runtime_Memory_HeapProxy_free__E)
                  00005540    00000012     driverlib.lib : gpio.obj (.text:GPIOPinTypeADC)
                  00005552    00000012                   : gpio.obj (.text:GPIOPinTypeUART)
                  00005564    00000012                   : pwm.obj (.text:PWMOutputState)
                  00005576    00000002     --HOLE-- [fill = 0]
                  00005578    00000012     sysbios.aem4f : BIOS.obj (.text:ti_sysbios_hal_Hwi_Module_startup__E)
                  0000558a    00000002     --HOLE-- [fill = 0]
                  0000558c    00000010     empty_pem4f.oem4f (.text:.bootCodeSection:ti_catalog_arm_cortexm4_tiva_ce_Boot_init__I)
                  0000559c    00000010     driverlib.lib : interrupt.obj (.text:IntMasterEnable)
                  000055ac    00000010     main.obj (.text:delay)
                  000055bc    00000010     empty_pem4f.oem4f (.text:ti_sysbios_BIOS_RtsGateProxy_leave__E)
                  000055cc    00000004     --HOLE-- [fill = 0]
                  000055d0    00000010     sysbios.aem4f : BIOS.obj (.text:ti_sysbios_BIOS_setThreadType__E)
                  000055e0    00000010                   : m3_TaskSupport_asm.obj (.text:ti_sysbios_family_arm_m3_TaskSupport_glue)
                  000055f0    00000010                   : BIOS.obj (.text:ti_sysbios_gates_GateMutex_Instance_finalize__E)
                  00005600    00000010     empty_pem4f.oem4f (.text:ti_sysbios_heaps_HeapMem_Module_GateProxy_leave__E)
                  00005610    00000010     sysbios.aem4f : BIOS.obj (.text:ti_sysbios_knl_Semaphore_Instance_finalize__E)
                  00005620    00000010                   : BIOS.obj (.text:ti_sysbios_knl_Swi_disable__E)
                  00005630    00000010     empty_pem4f.oem4f (.text:ti_sysbios_knl_Task_SupportProxy_checkStack__E)
                  00005640    00000010     empty_pem4f.oem4f (.text:ti_sysbios_knl_Task_SupportProxy_swap__E)
                  00005650    00000010     sysbios.aem4f : BIOS.obj (.text:ti_sysbios_knl_Task_disable__E)
                  00005660    00000010     ti.targets.arm.rtsarm.aem4f : Gate.oem4f (.text:xdc_runtime_Gate_leaveSystem__E)
                  00005670    00000010                                 : Memory.oem4f (.text:xdc_runtime_Memory_free__E)
                  00005680    00000010                                 : SysMin.oem4f (.text:xdc_runtime_SysMin_ready__E)
                  00005690    00000010     empty_pem4f.oem4f (.text:xdc_runtime_System_Module_GateProxy_leave__E)
                  000056a0    00000010     empty_pem4f.oem4f (.text:xdc_runtime_System_SupportProxy_putch__E)
                  000056b0    00000010     ti.targets.arm.rtsarm.aem4f : System.oem4f (.text:xdc_runtime_System_vsnprintf__E)
                  000056c0    0000000e     driverlib.lib : adc.obj (.text:ADCSequenceEnable)
                  000056ce    0000000e                   : uart.obj (.text:UARTCharGetNonBlocking)
                  000056dc    0000000e                   : uart.obj (.text:UARTCharPutNonBlocking)
                  000056ea    0000000e     rtsv7M4_T_le_v4SPD16_eabi.lib : copy_decompress_none.obj (.text:decompress:none)
                  000056f8    0000000e     sysbios.aem4f : BIOS.obj (.text:ti_sysbios_knl_Idle_loop__E)
                  00005706    00000002     --HOLE-- [fill = 0]
                  00005708    0000000e                   : BIOS.obj (.text:ti_sysbios_knl_Queue_empty__E)
                  00005716    0000000c     driverlib.lib : cpu.obj (.text:CPUcpsie)
                  00005722    0000000c                   : uart.obj (.text:UARTCharsAvail)
                  0000572e    0000000c     empty_pem4f.oem4f (.text:ti_sysbios_BIOS_RtsGateProxy_enter__E)
                  0000573a    00000006     driverlib.lib : sysctl.obj (.text:SysCtlDelay)
                  00005740    0000000c     sysbios.aem4f : BIOS.obj (.text:ti_sysbios_family_arm_lm4_Timer_getMaxTicks__E)
                  0000574c    00000004     --HOLE-- [fill = 0]
                  00005750    0000000c                   : BIOS.obj (.text:ti_sysbios_family_arm_m3_TaskSupport_checkStack__E)
                  0000575c    00000004     --HOLE-- [fill = 0]
                  00005760    0000000c                   : BIOS.obj (.text:ti_sysbios_gates_GateHwi_enter__E)
                  0000576c    0000000c     empty_pem4f.oem4f (.text:ti_sysbios_heaps_HeapMem_Module_GateProxy_enter__E)
                  00005778    0000000c     empty_pem4f.oem4f (.text:ti_sysbios_heaps_HeapMem_Module_GateProxy_query__E)
                  00005784    0000000c     empty_pem4f.oem4f (.text:ti_sysbios_knl_Clock_TimerProxy_getMaxTicks__E)
                  00005790    0000000c     empty_pem4f.oem4f (.text:ti_sysbios_knl_Queue_destruct)
                  0000579c    0000000c     empty_pem4f.oem4f (.text:ti_sysbios_knl_Semaphore_destruct)
                  000057a8    0000000c     empty_pem4f.oem4f (.text:xdc_iargToPtr)
                  000057b4    0000000c     ti.targets.arm.rtsarm.aem4f : Error.oem4f (.text:xdc_runtime_Error_init__E)
                  000057c0    0000000c                                 : Gate.oem4f (.text:xdc_runtime_Gate_enterSystem__E)
                  000057cc    0000000c                                 : Memory.oem4f (.text:xdc_runtime_Memory_calloc__E)
                  000057d8    0000000c                                 : Memory.oem4f (.text:xdc_runtime_Memory_getMaxDefaultTypeAlign__E)
                  000057e4    0000000c     empty_pem4f.oem4f (.text:xdc_runtime_System_Module_GateProxy_enter__E)
                  000057f0    0000000c     empty_pem4f.oem4f (.text:xdc_runtime_System_SupportProxy_abort__E)
                  000057fc    0000000c     empty_pem4f.oem4f (.text:xdc_runtime_System_SupportProxy_exit__E)
                  00005808    0000000a     driverlib.lib : uart.obj (.text:UARTCharPut)
                  00005812    0000000a                   : uart.obj (.text:UARTIntStatus)
                  0000581c    00000008                   : uart.obj (.text:UARTIntEnable)
                  00005824    00000008     empty_pem4f.oem4f (.text:ti_sysbios_family_arm_lm4_Timer_Module__startupDone__S)
                  0000582c    00000008     sysbios.aem4f : BIOS.obj (.text:ti_sysbios_family_arm_lm4_Timer_masterDisable__I)
                  00005834    00000008     empty_pem4f.oem4f (.text:ti_sysbios_family_arm_m3_Hwi_Module__startupDone__S)
                  0000583c    00000004     --HOLE-- [fill = 0]
                  00005840    00000008     sysbios.aem4f : BIOS.obj (.text:ti_sysbios_family_arm_m3_Hwi_doSwiRestore__I)
                  00005848    00000008                   : BIOS.obj (.text:ti_sysbios_family_arm_m3_Hwi_startup__E)
                  00005850    00000008     empty_pem4f.oem4f (.text:ti_sysbios_hal_Hwi_HwiProxy_Module__startupDone__S)
                  00005858    00000008     empty_pem4f.oem4f (.text:ti_sysbios_hal_Hwi_HwiProxy_startup__E)
                  00005860    00000008     empty_pem4f.oem4f (.text:ti_sysbios_hal_Hwi_HwiProxy_switchFromBootStack__E)
                  00005868    00000008     empty_pem4f.oem4f (.text:ti_sysbios_knl_Clock_TimerProxy_Module__startupDone__S)
                  00005870    00000008     empty_pem4f.oem4f (.text:ti_sysbios_knl_Task_SupportProxy_Module__startupDone__S)
                  00005878    00000008     empty_pem4f.oem4f (.text:xdc_runtime_System_SupportProxy_ready__E)
                  00005880    00000006     rtsv7M4_T_le_v4SPD16_eabi.lib : copy_decompress_rle.obj (.text:decompress:rle24)
                  00005886    00000006     Boot.aem4f : Boot_sysctl.oem4f (.text:ti_catalog_arm_cortexm4_tiva_ce_Boot_sysCtlDelayI__I)
                  0000588c    00000004     --HOLE-- [fill = 0]
                  00005890    00000006     sysbios.aem4f : BIOS.obj (.text:ti_sysbios_family_arm_m3_Hwi_doTaskRestore__I)
                  00005896    00000002     --HOLE-- [fill = 0]
                  00005898    00000006                   : BIOS.obj (.text:ti_sysbios_gates_GateHwi_leave__E)
                  0000589e    00000002     --HOLE-- [fill = 0]
                  000058a0    00000006                   : BIOS.obj (.text:ti_sysbios_heaps_HeapMem_isBlocking__E)
                  000058a6    00000002     --HOLE-- [fill = 0]
                  000058a8    00000006                   : BIOS.obj (.text:ti_sysbios_knl_Queue_Instance_init__E)
                  000058ae    00000002     --HOLE-- [fill = 0]
                  000058b0    00000006                   : BIOS.obj (.text:ti_sysbios_knl_Swi_startup__E)
                  000058b6    00000006     ti.targets.arm.rtsarm.aem4f : System.oem4f (.text:xdc_runtime_System_Module_startup__E)
                  000058bc    00000004     --HOLE-- [fill = 0]
                  000058c0    00000004     sysbios.aem4f : BIOS.obj (.text:ti_sysbios_gates_GateHwi_query__E)
                  000058c4    00000004     --HOLE-- [fill = 0]
                  000058c8    00000004                   : BIOS.obj (.text:ti_sysbios_gates_GateMutex_query__E)
                  000058cc    00000004     --HOLE-- [fill = 0]
                  000058d0    00000004                   : BIOS.obj (.text:ti_sysbios_knl_Task_startup__E)
                  000058d4    00000004     --HOLE-- [fill = 0]
                  000058d8    00000002                   : BIOS.obj (.text:ti_sysbios_gates_GateHwi_Instance_init__E)
                  000058da    00000006     --HOLE-- [fill = 0]
                  000058e0    00000002                   : BIOS.obj (.text:ti_sysbios_knl_Clock_logTick__E)

.const     0    000058e4    00001e9a     
                  000058e4    00001867     empty_pem4f.oem4f (.const:xdc_runtime_Text_charTab__A)
                  0000714b    00000001     empty_pem4f.oem4f (.const:xdc_runtime_Error_policy__C)
                  0000714c    000000bc     empty_pem4f.oem4f (.const:xdc_runtime_Text_nodeTab__A)
                  00007208    00000090     driverlib.lib : gpio.obj (.const:g_pui32GPIOBaseAddrs)
                  00007298    00000070                   : interrupt.obj (.const)
                  00007308    0000006c                   : sysctl.obj (.const:g_pui32Xtals)
                  00007374    00000048     empty_pem4f.oem4f (.const:.string)
                  000073bc    00000028     empty_pem4f.oem4f (.const:ti_sysbios_heaps_HeapMem_Module__FXNS__C)
                  000073e4    00000024     empty_pem4f.oem4f (.const:ti_sysbios_gates_GateHwi_Module__FXNS__C)
                  00007408    00000024     empty_pem4f.oem4f (.const:ti_sysbios_gates_GateMutex_Module__FXNS__C)
                  0000742c    00000024     empty_pem4f.oem4f (.const:ti_sysbios_heaps_HeapMem_Object__PARAMS__C)
                  00007450    00000024     empty_pem4f.oem4f (.const:ti_sysbios_knl_Semaphore_Object__PARAMS__C)
                  00007474    00000020     empty_pem4f.oem4f (.const:ti_sysbios_gates_GateHwi_Object__DESC__C)
                  00007494    00000020     empty_pem4f.oem4f (.const:ti_sysbios_gates_GateMutex_Object__DESC__C)
                  000074b4    00000020     empty_pem4f.oem4f (.const:ti_sysbios_heaps_HeapMem_Object__DESC__C)
                  000074d4    00000020     empty_pem4f.oem4f (.const:ti_sysbios_knl_Queue_Object__DESC__C)
                  000074f4    00000020     empty_pem4f.oem4f (.const:ti_sysbios_knl_Semaphore_Object__DESC__C)
                  00007514    00000020     empty_pem4f.oem4f (.const:xdc_runtime_Startup_sfxnTab__A)
                  00007534    00000018     empty_pem4f.oem4f (.const:ti_sysbios_gates_GateHwi_Object__PARAMS__C)
                  0000754c    00000018     empty_pem4f.oem4f (.const:ti_sysbios_gates_GateMutex_Object__PARAMS__C)
                  00007564    00000018     empty_pem4f.oem4f (.const:ti_sysbios_knl_Queue_Object__PARAMS__C)
                  0000757c    00000014     empty_pem4f.oem4f (.const:xdc_runtime_Startup_firstFxns__A)
                  00007590    00000010     empty_pem4f.oem4f (.const:xdc_runtime_Startup_sfxnRts__A)
                  000075a0    00000008     empty_pem4f.oem4f (.const:ti_sysbios_family_arm_m3_Hwi_excHookFuncs__A)
                  000075a8    00000008     empty_pem4f.oem4f (.const:ti_sysbios_knl_Idle_funcList__C)
                  000075b0    00000008     empty_pem4f.oem4f (.const:xdc_runtime_Startup_firstFxns__C)
                  000075b8    00000008     empty_pem4f.oem4f (.const:xdc_runtime_Startup_lastFxns__C)
                  000075c0    00000004     empty_pem4f.oem4f (.const:ti_catalog_arm_cortexm4_tiva_ce_Boot_A_mustUseEnhancedClockMode__C)
                  000075c4    00000004     empty_pem4f.oem4f (.const:ti_catalog_arm_cortexm4_tiva_ce_Boot_Module__diagsEnabled__C)
                  000075c8    00000004     empty_pem4f.oem4f (.const:ti_catalog_arm_cortexm4_tiva_ce_Boot_Module__diagsIncluded__C)
                  000075cc    00000004     empty_pem4f.oem4f (.const:ti_catalog_arm_cortexm4_tiva_ce_Boot_Module__diagsMask__C)
                  000075d0    00000004     empty_pem4f.oem4f (.const:ti_sysbios_BIOS_installedErrorHook__C)
                  000075d4    00000004     empty_pem4f.oem4f (.const:ti_sysbios_family_arm_lm4_Timer_enableFunc__C)
                  000075d8    00000004     empty_pem4f.oem4f (.const:ti_sysbios_family_arm_lm4_Timer_numTimerDevices__C)
                  000075dc    00000004     empty_pem4f.oem4f (.const:ti_sysbios_family_arm_lm4_Timer_startupNeeded__C)
                  000075e0    00000004     empty_pem4f.oem4f (.const:ti_sysbios_family_arm_m3_Hwi_E_NMI__C)
                  000075e4    00000004     empty_pem4f.oem4f (.const:ti_sysbios_family_arm_m3_Hwi_E_busFault__C)
                  000075e8    00000004     empty_pem4f.oem4f (.const:ti_sysbios_family_arm_m3_Hwi_E_debugMon__C)
                  000075ec    00000004     empty_pem4f.oem4f (.const:ti_sysbios_family_arm_m3_Hwi_E_hardFault__C)
                  000075f0    00000004     empty_pem4f.oem4f (.const:ti_sysbios_family_arm_m3_Hwi_E_memFault__C)
                  000075f4    00000004     empty_pem4f.oem4f (.const:ti_sysbios_family_arm_m3_Hwi_E_noIsr__C)
                  000075f8    00000004     empty_pem4f.oem4f (.const:ti_sysbios_family_arm_m3_Hwi_E_reserved__C)
                  000075fc    00000004     empty_pem4f.oem4f (.const:ti_sysbios_family_arm_m3_Hwi_E_svCall__C)
                  00007600    00000004     empty_pem4f.oem4f (.const:ti_sysbios_family_arm_m3_Hwi_E_usageFault__C)
                  00007604    00000004     empty_pem4f.oem4f (.const:ti_sysbios_family_arm_m3_Hwi_NUM_INTERRUPTS__C)
                  00007608    00000004     empty_pem4f.oem4f (.const:ti_sysbios_family_arm_m3_Hwi_Object__count__C)
                  0000760c    00000004     empty_pem4f.oem4f (.const:ti_sysbios_family_arm_m3_Hwi_Object__table__C)
                  00007610    00000004     empty_pem4f.oem4f (.const:ti_sysbios_family_arm_m3_Hwi_ccr__C)
                  00007614    00000004     empty_pem4f.oem4f (.const:ti_sysbios_family_arm_m3_Hwi_excHandlerFunc__C)
                  00007618    00000004     empty_pem4f.oem4f (.const:ti_sysbios_family_arm_m3_Hwi_excHookFuncs__C)
                  0000761c    00000004     empty_pem4f.oem4f (.const:ti_sysbios_family_arm_m3_Hwi_nullIsrFunc__C)
                  00007620    00000004     empty_pem4f.oem4f (.const:ti_sysbios_family_arm_m3_Hwi_priGroup__C)
                  00007624    00000004     empty_pem4f.oem4f (.const:ti_sysbios_gates_GateMutex_A_badContext__C)
                  00007628    00000004     empty_pem4f.oem4f (.const:ti_sysbios_gates_GateMutex_Instance_State_sem__O)
                  0000762c    00000004     empty_pem4f.oem4f (.const:ti_sysbios_gates_GateMutex_Module__diagsEnabled__C)
                  00007630    00000004     empty_pem4f.oem4f (.const:ti_sysbios_gates_GateMutex_Module__diagsIncluded__C)
                  00007634    00000004     empty_pem4f.oem4f (.const:ti_sysbios_gates_GateMutex_Module__diagsMask__C)
                  00007638    00000004     empty_pem4f.oem4f (.const:ti_sysbios_hal_Hwi_E_stackOverflow__C)
                  0000763c    00000004     empty_pem4f.oem4f (.const:ti_sysbios_heaps_HeapMem_A_align__C)
                  00007640    00000004     empty_pem4f.oem4f (.const:ti_sysbios_heaps_HeapMem_A_heapSize__C)
                  00007644    00000004     empty_pem4f.oem4f (.const:ti_sysbios_heaps_HeapMem_A_invalidFree__C)
                  00007648    00000004     empty_pem4f.oem4f (.const:ti_sysbios_heaps_HeapMem_A_zeroBlock__C)
                  0000764c    00000004     empty_pem4f.oem4f (.const:ti_sysbios_heaps_HeapMem_E_memory__C)
                  00007650    00000004     empty_pem4f.oem4f (.const:ti_sysbios_heaps_HeapMem_Module__diagsEnabled__C)
                  00007654    00000004     empty_pem4f.oem4f (.const:ti_sysbios_heaps_HeapMem_Module__diagsIncluded__C)
                  00007658    00000004     empty_pem4f.oem4f (.const:ti_sysbios_heaps_HeapMem_Module__diagsMask__C)
                  0000765c    00000004     empty_pem4f.oem4f (.const:ti_sysbios_heaps_HeapMem_Module__gateObj__C)
                  00007660    00000004     empty_pem4f.oem4f (.const:ti_sysbios_heaps_HeapMem_Object__count__C)
                  00007664    00000004     empty_pem4f.oem4f (.const:ti_sysbios_heaps_HeapMem_Object__table__C)
                  00007668    00000004     empty_pem4f.oem4f (.const:ti_sysbios_heaps_HeapMem_reqAlign__C)
                  0000766c    00000004     empty_pem4f.oem4f (.const:ti_sysbios_knl_Clock_Module_State_clockQ__O)
                  00007670    00000004     empty_pem4f.oem4f (.const:ti_sysbios_knl_Idle_funcList__A)
                  00007674    00000004     empty_pem4f.oem4f (.const:ti_sysbios_knl_Queue_Object__count__C)
                  00007678    00000004     empty_pem4f.oem4f (.const:ti_sysbios_knl_Queue_Object__table__C)
                  0000767c    00000004     empty_pem4f.oem4f (.const:ti_sysbios_knl_Semaphore_A_badContext__C)
                  00007680    00000004     empty_pem4f.oem4f (.const:ti_sysbios_knl_Semaphore_A_noEvents__C)
                  00007684    00000004     empty_pem4f.oem4f (.const:ti_sysbios_knl_Semaphore_A_overflow__C)
                  00007688    00000004     empty_pem4f.oem4f (.const:ti_sysbios_knl_Semaphore_A_pendTaskDisabled__C)
                  0000768c    00000004     empty_pem4f.oem4f (.const:ti_sysbios_knl_Semaphore_Instance_State_pendQ__O)
                  00007690    00000004     empty_pem4f.oem4f (.const:ti_sysbios_knl_Semaphore_Module__diagsEnabled__C)
                  00007694    00000004     empty_pem4f.oem4f (.const:ti_sysbios_knl_Semaphore_Module__diagsIncluded__C)
                  00007698    00000004     empty_pem4f.oem4f (.const:ti_sysbios_knl_Semaphore_Module__diagsMask__C)
                  0000769c    00000004     empty_pem4f.oem4f (.const:ti_sysbios_knl_Swi_Object__count__C)
                  000076a0    00000004     empty_pem4f.oem4f (.const:ti_sysbios_knl_Swi_Object__table__C)
                  000076a4    00000004     empty_pem4f.oem4f (.const:ti_sysbios_knl_Task_E_spOutOfBounds__C)
                  000076a8    00000004     empty_pem4f.oem4f (.const:ti_sysbios_knl_Task_E_stackOverflow__C)
                  000076ac    00000004     empty_pem4f.oem4f (.const:ti_sysbios_knl_Task_Module_State_inactiveQ__O)
                  000076b0    00000004     empty_pem4f.oem4f (.const:ti_sysbios_knl_Task_Object__count__C)
                  000076b4    00000004     empty_pem4f.oem4f (.const:ti_sysbios_knl_Task_Object__table__C)
                  000076b8    00000004     empty_pem4f.oem4f (.const:ti_sysbios_knl_Task_allBlockedFunc__C)
                  000076bc    00000004     empty_pem4f.oem4f (.const:ti_sysbios_knl_Task_numConstructedTasks__C)
                  000076c0    00000004     empty_pem4f.oem4f (.const:xdc_runtime_Assert_E_assertFailed__C)
                  000076c4    00000004     empty_pem4f.oem4f (.const:xdc_runtime_Core_A_initializedParams__C)
                  000076c8    00000004     empty_pem4f.oem4f (.const:xdc_runtime_Core_Module__diagsEnabled__C)
                  000076cc    00000004     empty_pem4f.oem4f (.const:xdc_runtime_Core_Module__diagsIncluded__C)
                  000076d0    00000004     empty_pem4f.oem4f (.const:xdc_runtime_Core_Module__diagsMask__C)
                  000076d4    00000004     empty_pem4f.oem4f (.const:xdc_runtime_Error_E_memory__C)
                  000076d8    00000004     empty_pem4f.oem4f (.const:xdc_runtime_Error_Module__diagsEnabled__C)
                  000076dc    00000004     empty_pem4f.oem4f (.const:xdc_runtime_Error_Module__diagsIncluded__C)
                  000076e0    00000004     empty_pem4f.oem4f (.const:xdc_runtime_Error_Module__diagsMask__C)
                  000076e4    00000004     empty_pem4f.oem4f (.const:xdc_runtime_Error_Module__loggerFxn8__C)
                  000076e8    00000004     empty_pem4f.oem4f (.const:xdc_runtime_Error_Module__loggerObj__C)
                  000076ec    00000004     empty_pem4f.oem4f (.const:xdc_runtime_Error_policyFxn__C)
                  000076f0    00000004     empty_pem4f.oem4f (.const:xdc_runtime_Error_raiseHook__C)
                  000076f4    00000004     empty_pem4f.oem4f (.const:xdc_runtime_IGateProvider_Interface__BASE__C)
                  000076f8    00000004     empty_pem4f.oem4f (.const:xdc_runtime_IHeap_Interface__BASE__C)
                  000076fc    00000004     empty_pem4f.oem4f (.const:xdc_runtime_IModule_Interface__BASE__C)
                  00007700    00000004     empty_pem4f.oem4f (.const:xdc_runtime_Log_L_error__C)
                  00007704    00000004     empty_pem4f.oem4f (.const:xdc_runtime_Main_Module__diagsEnabled__C)
                  00007708    00000004     empty_pem4f.oem4f (.const:xdc_runtime_Main_Module__diagsIncluded__C)
                  0000770c    00000004     empty_pem4f.oem4f (.const:xdc_runtime_Main_Module__diagsMask__C)
                  00007710    00000004     empty_pem4f.oem4f (.const:xdc_runtime_Memory_defaultHeapInstance__C)
                  00007714    00000004     empty_pem4f.oem4f (.const:xdc_runtime_Startup_execImpl__C)
                  00007718    00000004     empty_pem4f.oem4f (.const:xdc_runtime_Startup_maxPasses__C)
                  0000771c    00000004     empty_pem4f.oem4f (.const:xdc_runtime_Startup_sfxnRts__C)
                  00007720    00000004     empty_pem4f.oem4f (.const:xdc_runtime_Startup_sfxnTab__C)
                  00007724    00000004     empty_pem4f.oem4f (.const:xdc_runtime_Startup_startModsFxn__C)
                  00007728    00000004     empty_pem4f.oem4f (.const:xdc_runtime_SysMin_bufSize__C)
                  0000772c    00000004     empty_pem4f.oem4f (.const:xdc_runtime_SysMin_outputFunc__C)
                  00007730    00000004     empty_pem4f.oem4f (.const:xdc_runtime_System_Module__gateObj__C)
                  00007734    00000004     empty_pem4f.oem4f (.const:xdc_runtime_System_abortFxn__C)
                  00007738    00000004     empty_pem4f.oem4f (.const:xdc_runtime_System_exitFxn__C)
                  0000773c    00000004     empty_pem4f.oem4f (.const:xdc_runtime_System_extendFxn__C)
                  00007740    00000004     empty_pem4f.oem4f (.const:xdc_runtime_System_maxAtexitHandlers__C)
                  00007744    00000004     empty_pem4f.oem4f (.const:xdc_runtime_Text_charTab__C)
                  00007748    00000004     empty_pem4f.oem4f (.const:xdc_runtime_Text_nameEmpty__C)
                  0000774c    00000004     empty_pem4f.oem4f (.const:xdc_runtime_Text_nameStatic__C)
                  00007750    00000004     empty_pem4f.oem4f (.const:xdc_runtime_Text_nameUnknown__C)
                  00007754    00000004     empty_pem4f.oem4f (.const:xdc_runtime_Text_nodeTab__C)
                  00007758    00000004     empty_pem4f.oem4f (.const:xdc_runtime_Text_visitRopeFxn__C)
                  0000775c    00000002     empty_pem4f.oem4f (.const:ti_catalog_arm_cortexm4_tiva_ce_Boot_Module__id__C)
                  0000775e    00000002     empty_pem4f.oem4f (.const:ti_sysbios_family_arm_m3_Hwi_Module__id__C)
                  00007760    00000002     empty_pem4f.oem4f (.const:ti_sysbios_gates_GateMutex_Module__id__C)
                  00007762    00000002     empty_pem4f.oem4f (.const:ti_sysbios_hal_Hwi_Module__id__C)
                  00007764    00000002     empty_pem4f.oem4f (.const:ti_sysbios_heaps_HeapMem_Module__id__C)
                  00007766    00000002     empty_pem4f.oem4f (.const:ti_sysbios_knl_Semaphore_Module__id__C)
                  00007768    00000002     empty_pem4f.oem4f (.const:ti_sysbios_knl_Task_Module__id__C)
                  0000776a    00000002     empty_pem4f.oem4f (.const:xdc_runtime_Core_Module__id__C)
                  0000776c    00000002     empty_pem4f.oem4f (.const:xdc_runtime_Error_Module__loggerDefined__C)
                  0000776e    00000002     empty_pem4f.oem4f (.const:xdc_runtime_Error_maxDepth__C)
                  00007770    00000002     empty_pem4f.oem4f (.const:xdc_runtime_Main_Module__id__C)
                  00007772    00000002     empty_pem4f.oem4f (.const:xdc_runtime_Memory_Module__id__C)
                  00007774    00000002     empty_pem4f.oem4f (.const:xdc_runtime_SysMin_flushAtExit__C)
                  00007776    00000002     empty_pem4f.oem4f (.const:xdc_runtime_Text_charCnt__C)
                  00007778    00000002     empty_pem4f.oem4f (.const:xdc_runtime_Text_isLoaded__C)
                  0000777a    00000002     empty_pem4f.oem4f (.const:xdc_runtime_Text_registryModsLastId__C)
                  0000777c    00000002     empty_pem4f.oem4f (.const:xdc_runtime_Text_unnamedModsLastId__C)

.cinit     0    00007780    0000033c     
                  00007780    000002fa     (.cinit..data.load) [load image, compression = rle]
                  00007a7a    00000006     --HOLE-- [fill = 0]
                  00007a80    0000000b     (.cinit..bss.load) [load image, compression = rle]
                  00007a8b    00000005     --HOLE-- [fill = 0]
                  00007a90    0000000b     (.cinit..vecs.load) [load image, compression = rle]
                  00007a9b    00000001     --HOLE-- [fill = 0]
                  00007a9c    00000008     (__TI_handler_table)
                  00007aa4    00000018     (__TI_cinit_table)

.init_array 
*          0    00000000    00000000     UNINITIALIZED

.resetVecs 
*          0    00000000    0000003c     
                  00000000    0000003c     empty_pem4f.oem4f (.resetVecs)

.vecs      0    20000000    00000360     UNINITIALIZED
                  20000000    00000360     empty_pem4f.oem4f (.vecs)

.bss       0    20000360    00000d0c     UNINITIALIZED
                  20000360    00000400     empty_pem4f.oem4f (.bss:taskStackSection)
                  20000760    00000400     (.common:ti_sysbios_heaps_HeapMem_Instance_State_0_buf__A)
                  20000b60    00000360     (.common:ti_sysbios_family_arm_m3_Hwi_dispatchTable)
                  20000ec0    00000120     rtsv7M4_T_le_v4SPD16_eabi.lib : trgmsg.obj (.bss:_CIOBUF_)
                  20000fe0    00000080     (.common:xdc_runtime_SysMin_Module_State_0_outbuf__A)
                  20001060    00000008                                   : trgdrv.obj (.bss:parmbuf)
                  20001068    00000004     (.common:PWMload)

.data      0    2000106c    00000430     UNINITIALIZED
                  2000106c    00000098     empty_pem4f.oem4f (.data:ti_sysbios_knl_Task_Object__table__V)
                  20001104    00000080     empty_pem4f.oem4f (.data:ti_sysbios_knl_Swi_Module_State_0_readyQ__A)
                  20001184    00000080     empty_pem4f.oem4f (.data:ti_sysbios_knl_Task_Module_State_0_readyQ__A)
                  20001204    00000044     empty_pem4f.oem4f (.data:ti_sysbios_knl_Task_Module__state__V)
                  20001248    00000040     empty_pem4f.oem4f (.data:ti_sysbios_family_arm_lm4_Timer_Object__table__V)
                  20001288    00000038     empty_pem4f.oem4f (.data:ti_sysbios_gates_GateMutex_Object__table__V)
                  200012c0    00000034     empty_pem4f.oem4f (.data:ti_sysbios_family_arm_m3_Hwi_Module__state__V)
                  200012f4    00000030     empty_pem4f.oem4f (.data:ti_sysbios_family_arm_lm4_Timer_Module_State_0_device__A)
                  20001324    00000030     empty_pem4f.oem4f (.data:ti_sysbios_knl_Swi_Object__table__V)
                  20001354    0000002c     empty_pem4f.oem4f (.data:ti_sysbios_knl_Clock_Module__state__V)
                  20001380    00000024     empty_pem4f.oem4f (.data:ti_sysbios_BIOS_Module__state__V)
                  200013a4    0000001c     empty_pem4f.oem4f (.data:ti_sysbios_knl_Swi_Module__state__V)
                  200013c0    00000018     empty_pem4f.oem4f (.data:ti_sysbios_family_arm_lm4_Timer_Module_State_0_handles__A)
                  200013d8    00000018     empty_pem4f.oem4f (.data:ti_sysbios_family_arm_m3_Hwi_Object__table__V)
                  200013f0    00000018     empty_pem4f.oem4f (.data:ti_sysbios_heaps_HeapMem_Object__table__V)
                  20001408    0000000c     rtsv7M4_T_le_v4SPD16_eabi.lib : exit.obj (.data:$O1$$)
                  20001414    0000000c     empty_pem4f.oem4f (.data:ti_sysbios_family_arm_lm4_Timer_Module__state__V)
                  20001420    0000000c     empty_pem4f.oem4f (.data:xdc_runtime_SysMin_Module__state__V)
                  2000142c    00000008     rtsv7M4_T_le_v4SPD16_eabi.lib : _lock.obj (.data:$O1$$)
                  20001434    00000008     empty_pem4f.oem4f (.data:ti_sysbios_gates_GateHwi_Module__root__V)
                  2000143c    00000008     empty_pem4f.oem4f (.data:ti_sysbios_gates_GateMutex_Module__root__V)
                  20001444    00000008     empty_pem4f.oem4f (.data:ti_sysbios_heaps_HeapMem_Module__root__V)
                  2000144c    00000008     empty_pem4f.oem4f (.data:ti_sysbios_knl_Queue_Module__root__V)
                  20001454    00000008     empty_pem4f.oem4f (.data:ti_sysbios_knl_Semaphore_Module__root__V)
                  2000145c    00000008     empty_pem4f.oem4f (.data:xdc_runtime_Registry_Module__state__V)
                  20001464    00000008     empty_pem4f.oem4f (.data:xdc_runtime_Startup_Module__state__V)
                  2000146c    00000008     empty_pem4f.oem4f (.data:xdc_runtime_System_Module_State_0_atexitHandlers__A)
                  20001474    00000008     empty_pem4f.oem4f (.data:xdc_runtime_System_Module__state__V)
                  2000147c    00000004     main.obj (.data)
                  20001480    00000004     rtsv7M4_T_le_v4SPD16_eabi.lib : stkdepth_vars.obj (.data)
                  20001484    00000004     empty_pem4f.oem4f (.data:ti_sysbios_family_arm_m3_Hwi_Module_State_0_excContext__A)
                  20001488    00000004     empty_pem4f.oem4f (.data:ti_sysbios_family_arm_m3_Hwi_Module_State_0_excStack__A)
                  2000148c    00000004     empty_pem4f.oem4f (.data:ti_sysbios_gates_GateHwi_Object__table__V)
                  20001490    00000004     empty_pem4f.oem4f (.data:ti_sysbios_knl_Task_Module_State_0_idleTask__A)
                  20001494    00000004     empty_pem4f.oem4f (.data:xdc_runtime_Memory_Module__state__V)
                  20001498    00000002     empty_pem4f.oem4f (.data:ti_sysbios_family_arm_m3_Hwi_Module_State_0_excActive__A)
                  2000149a    00000002     empty_pem4f.oem4f (.data:xdc_runtime_Error_Module__state__V)

.stack     0    2000149c    00000300     UNINITIALIZED
                  2000149c    00000300     --HOLE--

.bootVecs 
*          0    00000000    00000008     DSECT
                  00000000    00000008     boot.aem4f : boot.oem4f (.bootVecs)

xdc.meta   0    00000000    000000d3     COPY SECTION
                  00000000    000000d3     empty_pem4f.oem4f (xdc.meta)

MODULE SUMMARY

       Module                     code    ro data   rw data
       ------                     ----    -------   -------
    .\
       main.obj                   1064    0         8      
    +--+--------------------------+-------+---------+---------+
       Total:                     1064    0         8      
                                                           
    C:\ti\test_ws\Robot_Master\Debug\configPkg\package\cfg\
       empty_pem4f.oem4f          2742    7530      4948   
    +--+--------------------------+-------+---------+---------+
       Total:                     2742    7530      4948   
                                                           
    C:/ti/tirtos_tivac_2_16_01_14/products/TivaWare_C_Series-2.1.1.71b/driverlib/ccs/Debug/driverlib.lib
       sysctl.obj                 646     108       0      
       gpio.obj                   460     144       0      
       interrupt.obj              120     112       0      
       adc.obj                    198     0         0      
       uart.obj                   186     0         0      
       pwm.obj                    48      0         0      
       cpu.obj                    12      0         0      
    +--+--------------------------+-------+---------+---------+
       Total:                     1670    364       0      
                                                           
    C:\ti\ccsv6\tools\compiler\arm_15.12.3.LTS\lib\rtsv7M4_T_le_v4SPD16_eabi.lib
       trgdrv.obj                 804     0         8      
       trgmsg.obj                 104     0         288    
       memcpy_t2.obj              156     0         0      
       memset_t2.obj              122     0         0      
       copy_decompress_rle.obj    112     0         0      
       exit.obj                   84      0         12     
       cpy_tbl.obj                76      0         0      
       u_divt2.obj                64      0         0      
       _lock.obj                  20      0         8      
       args_main.obj              24      0         0      
       strcpy.obj                 20      0         0      
       strlen.obj                 20      0         0      
       copy_decompress_none.obj   14      0         0      
       stkdepth_vars.obj          0       0         4      
       i_div0.obj                 2       0         0      
    +--+--------------------------+-------+---------+---------+
       Total:                     1622    0         320    
                                                           
    C:\ti\test_ws\Robot_Master\src\sysbios\sysbios.aem4f
       BIOS.obj                   10092   0         0      
       m3_Hwi_asm.obj             314     0         0      
       m3_TaskSupport_asm.obj     180     0         0      
       m3_Hwi_asm_switch.obj      118     0         0      
    +--+--------------------------+-------+---------+---------+
       Total:                     10704   0         0      
                                                           
    C:\ti\tirtos_tivac_2_16_01_14\products\bios_6_45_02_31\packages\ti\catalog\arm\cortexm4\tiva\ce\lib\Boot.aem4f
       Boot_sysctl.oem4f          262     0         0      
       Boot.oem4f                 152     0         0      
    +--+--------------------------+-------+---------+---------+
       Total:                     414     0         0      
                                                           
    C:\ti\tirtos_tivac_2_16_01_14\products\bios_6_45_02_31\packages\ti\targets\arm\rtsarm\lib\auto_init.aem4f
       auto_init.oem4f            160     0         0      
    +--+--------------------------+-------+---------+---------+
       Total:                     160     0         0      
                                                           
    C:\ti\tirtos_tivac_2_16_01_14\products\bios_6_45_02_31\packages\ti\targets\arm\rtsarm\lib\boot.aem4f
       boot.oem4f                 88      0         0      
    +--+--------------------------+-------+---------+---------+
       Total:                     88      0         0      
                                                           
    C:\ti\tirtos_tivac_2_16_01_14\products\bios_6_45_02_31\packages\ti\targets\arm\rtsarm\lib\ti.targets.arm.rtsarm.aem4f
       System.oem4f               1255    0         0      
       Text.oem4f                 672     0         0      
       Error.oem4f                524     0         0      
       Core-mem.oem4f             358     0         0      
       Startup.oem4f              328     0         0      
       SysMin.oem4f               248     0         0      
       Core-smem.oem4f            204     0         0      
       Memory.oem4f               176     0         0      
       Assert.oem4f               84      0         0      
       Core-params.oem4f          70      0         0      
       Core-label.oem4f           52      0         0      
       Registry.oem4f             32      0         0      
       Gate.oem4f                 28      0         0      
    +--+--------------------------+-------+---------+---------+
       Total:                     4031    0         0      
                                                           
       Stack:                     0       0         768    
       Linker Generated:          0       816       0      
    +--+--------------------------+-------+---------+---------+
       Grand Total:               22495   8710      6044   


LINKER GENERATED COPY TABLES

__TI_cinit_table @ 00007aa4 records: 3, size/record: 8, table size: 24
	.data: load addr=00007780, load size=000002fa bytes, run addr=2000106c, run size=00000430 bytes, compression=rle
	.bss: load addr=00007a80, load size=0000000b bytes, run addr=20000360, run size=00000d0c bytes, compression=rle
	.vecs: load addr=00007a90, load size=0000000b bytes, run addr=20000000, run size=00000360 bytes, compression=rle


LINKER GENERATED HANDLER TABLE

__TI_handler_table @ 00007a9c records: 2, size/record: 4, table size: 8
	index: 0, handler: __TI_decompress_rle24
	index: 1, handler: __TI_decompress_none


GLOBAL SYMBOLS: SORTED ALPHABETICALLY BY Name 

address   name                                                              
-------   ----                                                              
00004641  ADCSequenceConfigure                                              
000056c1  ADCSequenceEnable                                                 
0000340d  ADCSequenceStepConfigure                                          
00003e11  C$$EXIT                                                           
00003897  C$$IO$$                                                           
00005717  CPUcpsie                                                          
00004d29  GPIODirModeSet                                                    
00001cfd  GPIOPadConfigSet                                                  
00004135  GPIOPinConfigure                                                  
00005541  GPIOPinTypeADC                                                    
00005553  GPIOPinTypeUART                                                   
0000447b  GPIOPinWrite                                                      
00000a93  HOSTclock                                                         
00000a5b  HOSTclose                                                         
00000a1d  HOSTgetenv                                                        
000009c1  HOSTlseek                                                         
0000096f  HOSTopen                                                          
00000923  HOSTread                                                          
000008c5  HOSTrename                                                        
0000088b  HOSTtime                                                          
00000841  HOSTtime64                                                        
00000809  HOSTunlink                                                        
000007bd  HOSTwrite                                                         
00003801  IntEnable                                                         
0000559d  IntMasterEnable                                                   
00005565  PWMOutputState                                                    
00005181  PWMPulseWidthSet                                                  
20001068  PWMload                                                           
UNDEFED   SHT$$INIT_ARRAY$$Base                                             
UNDEFED   SHT$$INIT_ARRAY$$Limit                                            
00002069  SysCtlClockGet                                                    
00002561  SysCtlClockSet                                                    
0000573b  SysCtlDelay                                                       
00004941  SysCtlPeripheralEnable                                            
00003eb9  SysCtlPeripheralReset                                             
000056cf  UARTCharGetNonBlocking                                            
00005809  UARTCharPut                                                       
000056dd  UARTCharPutNonBlocking                                            
00005723  UARTCharsAvail                                                    
000043f9  UARTConfigSetExpClk                                               
000051f9  UARTDisable                                                       
0000549f  UARTEnable                                                        
00000ff5  UARTIntClear                                                      
0000581d  UARTIntEnable                                                     
00005813  UARTIntStatus                                                     
00000000  __ASM__                                                           
20000ec0  __CIOBUF_                                                         
00000051  __ISA__                                                           
00000064  __PLAT__                                                          
2000179c  __STACK_END                                                       
00000300  __STACK_SIZE                                                      
00000085  __TARG__                                                          
00007aa4  __TI_CINIT_Base                                                   
00007abc  __TI_CINIT_Limit                                                  
00007a9c  __TI_Handler_Table_Base                                           
00007aa4  __TI_Handler_Table_Limit                                          
00002cf1  __TI_auto_init                                                    
20001408  __TI_cleanup_ptr                                                  
000056eb  __TI_decompress_none                                              
00005881  __TI_decompress_rle24                                             
2000140c  __TI_dtors_ptr                                                    
20001410  __TI_enable_exit_profile_output                                   
ffffffff  __TI_pprof_out_hndl                                               
ffffffff  __TI_prof_data_size                                               
ffffffff  __TI_prof_data_start                                              
0000389b  __TI_readmsg                                                      
00007780  __TI_static_base__                                                
00003869  __TI_writemsg                                                     
000000ab  __TRDR__                                                          
000028c5  __aeabi_idiv0                                                     
00003487  __aeabi_memclr                                                    
00003487  __aeabi_memclr4                                                   
00003487  __aeabi_memclr8                                                   
00002ed1  __aeabi_memcpy                                                    
00002ed1  __aeabi_memcpy4                                                   
00002ed1  __aeabi_memcpy8                                                   
00003489  __aeabi_memset                                                    
00003489  __aeabi_memset4                                                   
00003489  __aeabi_memset8                                                   
0000443b  __aeabi_uidiv                                                     
0000443b  __aeabi_uidivmod                                                  
ffffffff  __binit__                                                         
ffffffff  __c_args__                                                        
2000149c  __stack                                                           
000053f5  _args_main                                                        
00003d61  _c_int00                                                          
2000142c  _lock                                                             
000054c3  _nop                                                              
000054bb  _register_lock                                                    
000054b5  _register_unlock                                                  
20001430  _unlock                                                           
00003e15  abort                                                             
00002c51  adc_init                                                          
ffffffff  binit                                                             
00001bc5  cmd_lookup                                                        
00003ff9  copy_in                                                           
2000147c  count                                                             
000055ad  delay                                                             
00003e1d  exit                                                              
000053dd  hw_init                                                           
00003301  main                                                              
20001480  main_func_sp                                                      
00002ed1  memcpy                                                            
0000348f  memset                                                            
000046bd  pwm_forward                                                       
00005215  pwm_start_motor                                                   
00005231  pwm_stop                                                          
000054c9  strcpy                                                            
000054dd  strlen                                                            
000075c0  ti_catalog_arm_cortexm4_tiva_ce_Boot_A_mustUseEnhancedClockMode__C
000075c4  ti_catalog_arm_cortexm4_tiva_ce_Boot_Module__diagsEnabled__C      
000075c8  ti_catalog_arm_cortexm4_tiva_ce_Boot_Module__diagsIncluded__C     
000075cc  ti_catalog_arm_cortexm4_tiva_ce_Boot_Module__diagsMask__C         
0000775c  ti_catalog_arm_cortexm4_tiva_ce_Boot_Module__id__C                
0000558d  ti_catalog_arm_cortexm4_tiva_ce_Boot_init__I                      
00002175  ti_catalog_arm_cortexm4_tiva_ce_Boot_sysCtlClockSetI__I           
00003149  ti_catalog_arm_cortexm4_tiva_ce_Boot_sysCtlClockSet__E            
00005887  ti_catalog_arm_cortexm4_tiva_ce_Boot_sysCtlDelayI__I              
20001380  ti_sysbios_BIOS_Module__state__V                                  
0000572f  ti_sysbios_BIOS_RtsGateProxy_enter__E                             
000055bd  ti_sysbios_BIOS_RtsGateProxy_leave__E                             
00004aed  ti_sysbios_BIOS_atExitFunc__I                                     
00004b1d  ti_sysbios_BIOS_errorRaiseHook__I                                 
00005489  ti_sysbios_BIOS_exitFunc__I                                       
000075d0  ti_sysbios_BIOS_installedErrorHook__C                             
000028c7  ti_sysbios_BIOS_nullFunc__I                                       
00004e6d  ti_sysbios_BIOS_registerRTSLock__I                                
00005061  ti_sysbios_BIOS_removeRTSLock__I                                  
00004b4d  ti_sysbios_BIOS_rtsLock__I                                        
00002d91  ti_sysbios_BIOS_rtsUnlock__I                                      
000055d1  ti_sysbios_BIOS_setThreadType__E                                  
00004e91  ti_sysbios_BIOS_startFunc__I                                      
200012f4  ti_sysbios_family_arm_lm4_Timer_Module_State_0_device__A          
200013c0  ti_sysbios_family_arm_lm4_Timer_Module_State_0_handles__A         
0000524d  ti_sysbios_family_arm_lm4_Timer_Module__startupDone__F            
00005825  ti_sysbios_family_arm_lm4_Timer_Module__startupDone__S            
20001414  ti_sysbios_family_arm_lm4_Timer_Module__state__V                  
00003939  ti_sysbios_family_arm_lm4_Timer_Module_startup__E                 
20001248  ti_sysbios_family_arm_lm4_Timer_Object__table__V                  
000075d4  ti_sysbios_family_arm_lm4_Timer_enableFunc__C                     
00002ba9  ti_sysbios_family_arm_lm4_Timer_enableTimers__I                   
00002af9  ti_sysbios_family_arm_lm4_Timer_enableTiva__I                     
00005741  ti_sysbios_family_arm_lm4_Timer_getMaxTicks__E                    
00003a69  ti_sysbios_family_arm_lm4_Timer_isrStub__E                        
0000582d  ti_sysbios_family_arm_lm4_Timer_masterDisable__I                  
0000145d  ti_sysbios_family_arm_lm4_Timer_masterEnable__I                   
000075d8  ti_sysbios_family_arm_lm4_Timer_numTimerDevices__C                
00001e31  ti_sysbios_family_arm_lm4_Timer_start__E                          
000075dc  ti_sysbios_family_arm_lm4_Timer_startupNeeded__C                  
00004481  ti_sysbios_family_arm_lm4_Timer_startup__E                        
00004b81  ti_sysbios_family_arm_lm4_Timer_stop__E                           
00004f71  ti_sysbios_family_arm_lm4_Timer_write__I                          
000075e0  ti_sysbios_family_arm_m3_Hwi_E_NMI__C                             
000075e4  ti_sysbios_family_arm_m3_Hwi_E_busFault__C                        
000075e8  ti_sysbios_family_arm_m3_Hwi_E_debugMon__C                        
000075ec  ti_sysbios_family_arm_m3_Hwi_E_hardFault__C                       
000075f0  ti_sysbios_family_arm_m3_Hwi_E_memFault__C                        
000075f4  ti_sysbios_family_arm_m3_Hwi_E_noIsr__C                           
000075f8  ti_sysbios_family_arm_m3_Hwi_E_reserved__C                        
000075fc  ti_sysbios_family_arm_m3_Hwi_E_svCall__C                          
00007600  ti_sysbios_family_arm_m3_Hwi_E_usageFault__C                      
00004f93  ti_sysbios_family_arm_m3_Hwi_Handle__label__S                     
20001498  ti_sysbios_family_arm_m3_Hwi_Module_State_0_excActive__A          
20001484  ti_sysbios_family_arm_m3_Hwi_Module_State_0_excContext__A         
20001488  ti_sysbios_family_arm_m3_Hwi_Module_State_0_excStack__A           
0000775e  ti_sysbios_family_arm_m3_Hwi_Module__id__C                        
00005269  ti_sysbios_family_arm_m3_Hwi_Module__startupDone__F               
00005835  ti_sysbios_family_arm_m3_Hwi_Module__startupDone__S               
200012c0  ti_sysbios_family_arm_m3_Hwi_Module__state__V                     
00003f09  ti_sysbios_family_arm_m3_Hwi_Module_startup__E                    
00007604  ti_sysbios_family_arm_m3_Hwi_NUM_INTERRUPTS__C                    
00007608  ti_sysbios_family_arm_m3_Hwi_Object__count__C                     
000044c1  ti_sysbios_family_arm_m3_Hwi_Object__get__S                       
0000760c  ti_sysbios_family_arm_m3_Hwi_Object__table__C                     
200013d8  ti_sysbios_family_arm_m3_Hwi_Object__table__V                     
00007610  ti_sysbios_family_arm_m3_Hwi_ccr__C                               
00004181  ti_sysbios_family_arm_m3_Hwi_disableInterrupt__E                  
000039a1  ti_sysbios_family_arm_m3_Hwi_dispatchC__I                         
20000b60  ti_sysbios_family_arm_m3_Hwi_dispatchTable                        
0000246d  ti_sysbios_family_arm_m3_Hwi_dispatch__I                          
00005841  ti_sysbios_family_arm_m3_Hwi_doSwiRestore__I                      
00005891  ti_sysbios_family_arm_m3_Hwi_doTaskRestore__I                     
000041c9  ti_sysbios_family_arm_m3_Hwi_enableInterrupt__E                   
00001661  ti_sysbios_family_arm_m3_Hwi_excBusFault__I                       
00002809  ti_sysbios_family_arm_m3_Hwi_excDebugMon__I                       
00000041  ti_sysbios_family_arm_m3_Hwi_excDumpRegs__I                       
00005081  ti_sysbios_family_arm_m3_Hwi_excHandlerAsm__I                     
00007614  ti_sysbios_family_arm_m3_Hwi_excHandlerFunc__C                    
00001461  ti_sysbios_family_arm_m3_Hwi_excHandlerMax__I                     
000050a1  ti_sysbios_family_arm_m3_Hwi_excHandler__I                        
000028c9  ti_sysbios_family_arm_m3_Hwi_excHardFault__I                      
000075a0  ti_sysbios_family_arm_m3_Hwi_excHookFuncs__A                      
00007618  ti_sysbios_family_arm_m3_Hwi_excHookFuncs__C                      
[...]
000056dd  UARTCharPutNonBlocking                                            
000056eb  __TI_decompress_none                                              
000056f9  ti_sysbios_knl_Idle_loop__E                                       
00005709  ti_sysbios_knl_Queue_empty__E                                     
00005717  CPUcpsie                                                          
00005723  UARTCharsAvail                                                    
0000572f  ti_sysbios_BIOS_RtsGateProxy_enter__E                             
0000573b  SysCtlDelay                                                       
00005741  ti_sysbios_family_arm_lm4_Timer_getMaxTicks__E                    
00005751  ti_sysbios_family_arm_m3_TaskSupport_checkStack__E                
00005761  ti_sysbios_gates_GateHwi_enter__E                                 
0000576d  ti_sysbios_heaps_HeapMem_Module_GateProxy_enter__E                
00005779  ti_sysbios_heaps_HeapMem_Module_GateProxy_query__E                
00005785  ti_sysbios_knl_Clock_TimerProxy_getMaxTicks__E                    
00005791  ti_sysbios_knl_Queue_destruct                                     
0000579d  ti_sysbios_knl_Semaphore_destruct                                 
000057b5  xdc_runtime_Error_init__E                                         
000057c1  xdc_runtime_Gate_enterSystem__E                                   
000057cd  xdc_runtime_Memory_calloc__E                                      
000057d9  xdc_runtime_Memory_getMaxDefaultTypeAlign__E                      
000057e5  xdc_runtime_System_Module_GateProxy_enter__E                      
000057f1  xdc_runtime_System_SupportProxy_abort__E                          
000057fd  xdc_runtime_System_SupportProxy_exit__E                           
00005809  UARTCharPut                                                       
00005813  UARTIntStatus                                                     
0000581d  UARTIntEnable                                                     
00005825  ti_sysbios_family_arm_lm4_Timer_Module__startupDone__S            
0000582d  ti_sysbios_family_arm_lm4_Timer_masterDisable__I                  
00005835  ti_sysbios_family_arm_m3_Hwi_Module__startupDone__S               
00005841  ti_sysbios_family_arm_m3_Hwi_doSwiRestore__I                      
00005849  ti_sysbios_family_arm_m3_Hwi_startup__E                           
00005851  ti_sysbios_hal_Hwi_HwiProxy_Module__startupDone__S                
00005859  ti_sysbios_hal_Hwi_HwiProxy_startup__E                            
00005859  ti_sysbios_hal_Hwi_startup__E                                     
00005861  ti_sysbios_hal_Hwi_HwiProxy_switchFromBootStack__E                
00005861  ti_sysbios_hal_Hwi_switchFromBootStack__E                         
00005869  ti_sysbios_knl_Clock_TimerProxy_Module__startupDone__S            
00005871  ti_sysbios_knl_Task_SupportProxy_Module__startupDone__S           
00005879  xdc_runtime_System_SupportProxy_ready__E                          
00005881  __TI_decompress_rle24                                             
00005887  ti_catalog_arm_cortexm4_tiva_ce_Boot_sysCtlDelayI__I              
00005891  ti_sysbios_family_arm_m3_Hwi_doTaskRestore__I                     
00005899  ti_sysbios_gates_GateHwi_leave__E                                 
000058a1  ti_sysbios_heaps_HeapMem_isBlocking__E                            
000058a9  ti_sysbios_knl_Queue_Instance_init__E                             
000058b1  ti_sysbios_knl_Swi_startup__E                                     
000058b7  xdc_runtime_System_Module_startup__E                              
000058c1  ti_sysbios_gates_GateHwi_query__E                                 
000058c9  ti_sysbios_gates_GateMutex_query__E                               
000058d1  ti_sysbios_knl_Task_startup__E                                    
000058d9  ti_sysbios_gates_GateHwi_Instance_init__E                         
000058e1  ti_sysbios_knl_Clock_logTick__E                                   
000058e4  xdc_runtime_Text_charTab__A                                       
0000714b  xdc_runtime_Error_policy__C                                       
0000714c  xdc_runtime_Text_nodeTab__A                                       
000073bc  ti_sysbios_heaps_HeapMem_Module__FXNS__C                          
000073e4  ti_sysbios_gates_GateHwi_Module__FXNS__C                          
00007408  ti_sysbios_gates_GateMutex_Module__FXNS__C                        
0000742c  ti_sysbios_heaps_HeapMem_Object__PARAMS__C                        
00007450  ti_sysbios_knl_Semaphore_Object__PARAMS__C                        
00007474  ti_sysbios_gates_GateHwi_Object__DESC__C                          
00007494  ti_sysbios_gates_GateMutex_Object__DESC__C                        
000074b4  ti_sysbios_heaps_HeapMem_Object__DESC__C                          
000074d4  ti_sysbios_knl_Queue_Object__DESC__C                              
000074f4  ti_sysbios_knl_Semaphore_Object__DESC__C                          
00007514  xdc_runtime_Startup_sfxnTab__A                                    
00007534  ti_sysbios_gates_GateHwi_Object__PARAMS__C                        
0000754c  ti_sysbios_gates_GateMutex_Object__PARAMS__C                      
00007564  ti_sysbios_knl_Queue_Object__PARAMS__C                            
0000757c  xdc_runtime_Startup_firstFxns__A                                  
00007590  xdc_runtime_Startup_sfxnRts__A                                    
000075a0  ti_sysbios_family_arm_m3_Hwi_excHookFuncs__A                      
000075a8  ti_sysbios_knl_Idle_funcList__C                                   
000075b0  xdc_runtime_Startup_firstFxns__C                                  
000075b8  xdc_runtime_Startup_lastFxns__C                                   
000075c0  ti_catalog_arm_cortexm4_tiva_ce_Boot_A_mustUseEnhancedClockMode__C
000075c4  ti_catalog_arm_cortexm4_tiva_ce_Boot_Module__diagsEnabled__C      
000075c8  ti_catalog_arm_cortexm4_tiva_ce_Boot_Module__diagsIncluded__C     
000075cc  ti_catalog_arm_cortexm4_tiva_ce_Boot_Module__diagsMask__C         
000075d0  ti_sysbios_BIOS_installedErrorHook__C                             
000075d4  ti_sysbios_family_arm_lm4_Timer_enableFunc__C                     
000075d8  ti_sysbios_family_arm_lm4_Timer_numTimerDevices__C                
000075dc  ti_sysbios_family_arm_lm4_Timer_startupNeeded__C                  
000075e0  ti_sysbios_family_arm_m3_Hwi_E_NMI__C                             
000075e4  ti_sysbios_family_arm_m3_Hwi_E_busFault__C                        
000075e8  ti_sysbios_family_arm_m3_Hwi_E_debugMon__C                        
000075ec  ti_sysbios_family_arm_m3_Hwi_E_hardFault__C                       
000075f0  ti_sysbios_family_arm_m3_Hwi_E_memFault__C                        
000075f4  ti_sysbios_family_arm_m3_Hwi_E_noIsr__C                           
000075f8  ti_sysbios_family_arm_m3_Hwi_E_reserved__C                        
000075fc  ti_sysbios_family_arm_m3_Hwi_E_svCall__C                          
00007600  ti_sysbios_family_arm_m3_Hwi_E_usageFault__C                      
00007604  ti_sysbios_family_arm_m3_Hwi_NUM_INTERRUPTS__C                    
00007608  ti_sysbios_family_arm_m3_Hwi_Object__count__C                     
0000760c  ti_sysbios_family_arm_m3_Hwi_Object__table__C                     
00007610  ti_sysbios_family_arm_m3_Hwi_ccr__C                               
00007614  ti_sysbios_family_arm_m3_Hwi_excHandlerFunc__C                    
00007618  ti_sysbios_family_arm_m3_Hwi_excHookFuncs__C                      
0000761c  ti_sysbios_family_arm_m3_Hwi_nullIsrFunc__C                       
00007620  ti_sysbios_family_arm_m3_Hwi_priGroup__C                          
00007624  ti_sysbios_gates_GateMutex_A_badContext__C                        
00007628  ti_sysbios_gates_GateMutex_Instance_State_sem__O                  
0000762c  ti_sysbios_gates_GateMutex_Module__diagsEnabled__C                
00007630  ti_sysbios_gates_GateMutex_Module__diagsIncluded__C               
00007634  ti_sysbios_gates_GateMutex_Module__diagsMask__C                   
00007638  ti_sysbios_hal_Hwi_E_stackOverflow__C                             
0000763c  ti_sysbios_heaps_HeapMem_A_align__C                               
00007640  ti_sysbios_heaps_HeapMem_A_heapSize__C                            
00007644  ti_sysbios_heaps_HeapMem_A_invalidFree__C                         
00007648  ti_sysbios_heaps_HeapMem_A_zeroBlock__C                           
0000764c  ti_sysbios_heaps_HeapMem_E_memory__C                              
00007650  ti_sysbios_heaps_HeapMem_Module__diagsEnabled__C                  
00007654  ti_sysbios_heaps_HeapMem_Module__diagsIncluded__C                 
00007658  ti_sysbios_heaps_HeapMem_Module__diagsMask__C                     
0000765c  ti_sysbios_heaps_HeapMem_Module__gateObj__C                       
00007660  ti_sysbios_heaps_HeapMem_Object__count__C                         
00007664  ti_sysbios_heaps_HeapMem_Object__table__C                         
00007668  ti_sysbios_heaps_HeapMem_reqAlign__C                              
0000766c  ti_sysbios_knl_Clock_Module_State_clockQ__O                       
00007670  ti_sysbios_knl_Idle_funcList__A                                   
00007674  ti_sysbios_knl_Queue_Object__count__C                             
00007678  ti_sysbios_knl_Queue_Object__table__C                             
0000767c  ti_sysbios_knl_Semaphore_A_badContext__C                          
00007680  ti_sysbios_knl_Semaphore_A_noEvents__C                            
00007684  ti_sysbios_knl_Semaphore_A_overflow__C                            
00007688  ti_sysbios_knl_Semaphore_A_pendTaskDisabled__C                    
0000768c  ti_sysbios_knl_Semaphore_Instance_State_pendQ__O                  
00007690  ti_sysbios_knl_Semaphore_Module__diagsEnabled__C                  
00007694  ti_sysbios_knl_Semaphore_Module__diagsIncluded__C                 
00007698  ti_sysbios_knl_Semaphore_Module__diagsMask__C                     
0000769c  ti_sysbios_knl_Swi_Object__count__C                               
000076a0  ti_sysbios_knl_Swi_Object__table__C                               
000076a4  ti_sysbios_knl_Task_E_spOutOfBounds__C                            
000076a8  ti_sysbios_knl_Task_E_stackOverflow__C                            
000076ac  ti_sysbios_knl_Task_Module_State_inactiveQ__O                     
000076b0  ti_sysbios_knl_Task_Object__count__C                              
000076b4  ti_sysbios_knl_Task_Object__table__C                              
000076b8  ti_sysbios_knl_Task_allBlockedFunc__C                             
000076bc  ti_sysbios_knl_Task_numConstructedTasks__C                        
000076c0  xdc_runtime_Assert_E_assertFailed__C                              
000076c4  xdc_runtime_Core_A_initializedParams__C                           
000076c8  xdc_runtime_Core_Module__diagsEnabled__C                          
000076cc  xdc_runtime_Core_Module__diagsIncluded__C                         
000076d0  xdc_runtime_Core_Module__diagsMask__C                             
000076d4  xdc_runtime_Error_E_memory__C                                     
000076d8  xdc_runtime_Error_Module__diagsEnabled__C                         
000076dc  xdc_runtime_Error_Module__diagsIncluded__C                        
000076e0  xdc_runtime_Error_Module__diagsMask__C                            
000076e4  xdc_runtime_Error_Module__loggerFxn8__C                           
000076e8  xdc_runtime_Error_Module__loggerObj__C                            
000076ec  xdc_runtime_Error_policyFxn__C                                    
000076f0  xdc_runtime_Error_raiseHook__C                                    
000076f4  xdc_runtime_IGateProvider_Interface__BASE__C                      
000076f8  xdc_runtime_IHeap_Interface__BASE__C                              
000076fc  xdc_runtime_IModule_Interface__BASE__C                            
00007700  xdc_runtime_Log_L_error__C                                        
00007704  xdc_runtime_Main_Module__diagsEnabled__C                          
00007708  xdc_runtime_Main_Module__diagsIncluded__C                         
0000770c  xdc_runtime_Main_Module__diagsMask__C                             
00007710  xdc_runtime_Memory_defaultHeapInstance__C                         
00007714  xdc_runtime_Startup_execImpl__C                                   
00007718  xdc_runtime_Startup_maxPasses__C                                  
0000771c  xdc_runtime_Startup_sfxnRts__C                                    
00007720  xdc_runtime_Startup_sfxnTab__C                                    
00007724  xdc_runtime_Startup_startModsFxn__C                               
00007728  xdc_runtime_SysMin_bufSize__C                                     
0000772c  xdc_runtime_SysMin_outputFunc__C                                  
00007730  xdc_runtime_System_Module__gateObj__C                             
00007734  xdc_runtime_System_abortFxn__C                                    
00007738  xdc_runtime_System_exitFxn__C                                     
0000773c  xdc_runtime_System_extendFxn__C                                   
00007740  xdc_runtime_System_maxAtexitHandlers__C                           
00007744  xdc_runtime_Text_charTab__C                                       
00007748  xdc_runtime_Text_nameEmpty__C                                     
0000774c  xdc_runtime_Text_nameStatic__C                                    
00007750  xdc_runtime_Text_nameUnknown__C                                   
00007754  xdc_runtime_Text_nodeTab__C                                       
00007758  xdc_runtime_Text_visitRopeFxn__C                                  
0000775c  ti_catalog_arm_cortexm4_tiva_ce_Boot_Module__id__C                
0000775e  ti_sysbios_family_arm_m3_Hwi_Module__id__C                        
00007760  ti_sysbios_gates_GateMutex_Module__id__C                          
00007762  ti_sysbios_hal_Hwi_Module__id__C                                  
00007764  ti_sysbios_heaps_HeapMem_Module__id__C                            
00007766  ti_sysbios_knl_Semaphore_Module__id__C                            
00007768  ti_sysbios_knl_Task_Module__id__C                                 
0000776a  xdc_runtime_Core_Module__id__C                                    
0000776c  xdc_runtime_Error_Module__loggerDefined__C                        
0000776e  xdc_runtime_Error_maxDepth__C                                     
00007770  xdc_runtime_Main_Module__id__C                                    
00007772  xdc_runtime_Memory_Module__id__C                                  
00007774  xdc_runtime_SysMin_flushAtExit__C                                 
00007776  xdc_runtime_Text_charCnt__C                                       
00007778  xdc_runtime_Text_isLoaded__C                                      
0000777a  xdc_runtime_Text_registryModsLastId__C                            
0000777c  xdc_runtime_Text_unnamedModsLastId__C                             
00007780  __TI_static_base__                                                
00007a9c  __TI_Handler_Table_Base                                           
00007aa4  __TI_CINIT_Base                                                   
00007aa4  __TI_Handler_Table_Limit                                          
00007abc  __TI_CINIT_Limit                                                  
20000000  ti_sysbios_family_arm_m3_Hwi_ramVectors                           
20000360  ti_sysbios_knl_Task_Instance_State_0_stack__A                     
20000560  ti_sysbios_knl_Task_Instance_State_1_stack__A                     
20000760  ti_sysbios_heaps_HeapMem_Instance_State_0_buf__A                  
20000b60  ti_sysbios_family_arm_m3_Hwi_dispatchTable                        
20000ec0  __CIOBUF_                                                         
20000fe0  xdc_runtime_SysMin_Module_State_0_outbuf__A                       
20001068  PWMload                                                           
2000106c  ti_sysbios_knl_Task_Object__table__V                              
20001104  ti_sysbios_knl_Swi_Module_State_0_readyQ__A                       
20001184  ti_sysbios_knl_Task_Module_State_0_readyQ__A                      
20001204  ti_sysbios_knl_Task_Module__state__V                              
20001248  ti_sysbios_family_arm_lm4_Timer_Object__table__V                  
20001288  ti_sysbios_gates_GateMutex_Object__table__V                       
200012c0  ti_sysbios_family_arm_m3_Hwi_Module__state__V                     
200012f4  ti_sysbios_family_arm_lm4_Timer_Module_State_0_device__A          
20001324  ti_sysbios_knl_Swi_Object__table__V                               
20001354  ti_sysbios_knl_Clock_Module__state__V                             
20001380  ti_sysbios_BIOS_Module__state__V                                  
200013a4  ti_sysbios_knl_Swi_Module__state__V                               
200013c0  ti_sysbios_family_arm_lm4_Timer_Module_State_0_handles__A         
200013d8  ti_sysbios_family_arm_m3_Hwi_Object__table__V                     
200013f0  ti_sysbios_heaps_HeapMem_Object__table__V                         
20001408  __TI_cleanup_ptr                                                  
2000140c  __TI_dtors_ptr                                                    
20001410  __TI_enable_exit_profile_output                                   
20001414  ti_sysbios_family_arm_lm4_Timer_Module__state__V                  
20001420  xdc_runtime_SysMin_Module__state__V                               
2000142c  _lock                                                             
20001430  _unlock                                                           
20001434  ti_sysbios_gates_GateHwi_Module__root__V                          
2000143c  ti_sysbios_gates_GateMutex_Module__root__V                        
20001444  ti_sysbios_heaps_HeapMem_Module__root__V                          
2000144c  ti_sysbios_knl_Queue_Module__root__V                              
20001454  ti_sysbios_knl_Semaphore_Module__root__V                          
2000145c  xdc_runtime_Registry_Module__state__V                             
20001464  xdc_runtime_Startup_Module__state__V                              
2000146c  xdc_runtime_System_Module_State_0_atexitHandlers__A               
20001474  xdc_runtime_System_Module__state__V                               
2000147c  count                                                             
20001480  main_func_sp                                                      
20001484  ti_sysbios_family_arm_m3_Hwi_Module_State_0_excContext__A         
20001488  ti_sysbios_family_arm_m3_Hwi_Module_State_0_excStack__A           
2000148c  ti_sysbios_gates_GateHwi_Object__table__V                         
20001490  ti_sysbios_knl_Task_Module_State_0_idleTask__A                    
20001494  xdc_runtime_Memory_Module__state__V                               
20001498  ti_sysbios_family_arm_m3_Hwi_Module_State_0_excActive__A          
2000149a  xdc_runtime_Error_Module__state__V                                
2000149c  __stack                                                           
2000179c  __STACK_END                                                       
e000e000  ti_sysbios_family_arm_m3_Hwi_nvic                                 
ffffffff  __TI_pprof_out_hndl                                               
ffffffff  __TI_prof_data_size                                               
ffffffff  __TI_prof_data_start                                              
ffffffff  __binit__                                                         
ffffffff  __c_args__                                                        
ffffffff  binit                                                             
UNDEFED   SHT$$INIT_ARRAY$$Base                                             
UNDEFED   SHT$$INIT_ARRAY$$Limit                                            

[528 symbols]
